 ayeer_api

 Timestamp is 5a72987e (Thu Feb  1 12:33:02 2018)

 Preferred load address is 0000000180000000

 Start         Length     Name                   Class
 0001:00000000 00000040H .text$di                CODE
 0001:00000040 0014b130H .text$mn                CODE
 0001:0014b170 000000e0H .text$mn$00             CODE
 0001:0014b250 00000260H .text$x                 CODE
 0001:0014b4b0 000000acH .text$yd                CODE
 0002:00000000 000003d8H .idata$5                DATA
 0002:000003d8 00000020H .00cfg                  DATA
 0002:000003f8 00000008H .CRT$XCA                DATA
 0002:00000400 00000008H .CRT$XCL                DATA
 0002:00000408 00000010H .CRT$XCU                DATA
 0002:00000418 00000008H .CRT$XCZ                DATA
 0002:00000420 00000008H .CRT$XIA                DATA
 0002:00000428 00000020H .CRT$XIC                DATA
 0002:00000448 00000008H .CRT$XIZ                DATA
 0002:00000450 00000008H .CRT$XLA                DATA
 0002:00000458 00000008H .CRT$XLZ                DATA
 0002:00000460 00000008H .CRT$XPA                DATA
 0002:00000468 00000010H .CRT$XPX                DATA
 0002:00000478 00000008H .CRT$XPXA               DATA
 0002:00000480 00000008H .CRT$XPZ                DATA
 0002:00000488 00000008H .CRT$XTA                DATA
 0002:00000490 00000010H .CRT$XTZ                DATA
 0002:00000498 00000000H .gfids$y                DATA
 0002:000004a0 0000a8b8H .rdata                  DATA
 0002:0000ad58 00000028H .rdata$T                DATA
 0002:0000ad80 00000000H .rdata$r                DATA
 0002:0000ad80 00000420H .rdata$zzzdbg           DATA
 0002:0000b1a0 00000008H .rtc$IAA                DATA
 0002:0000b1a8 00000008H .rtc$IZZ                DATA
 0002:0000b1b0 00000008H .rtc$TAA                DATA
 0002:0000b1b8 00000008H .rtc$TZZ                DATA
 0002:0000b1c0 00000004H .tls                    DATA
 0002:0000b1c4 00000004H .tls$                   DATA
 0002:0000b1c8 00000008H .tls$ZZZ                DATA
 0002:0000b1d0 00001218H .xdata                  DATA
 0002:0000c3e8 00000000H ATL$__a                 DATA
 0002:0000c3e8 00000000H ATL$__z                 DATA
 0002:0000c3e8 00000020H .didat$2                DATA
 0002:0000c408 00000020H .didat$3                DATA
 0002:0000c428 00000068H .didat$4                DATA
 0002:0000c490 000002e8H .didat$6                DATA
 0002:0000c778 00000068H .didat$7                DATA
 0002:0000c7e0 00000054H .edata                  DATA
 0002:0000c834 00000078H .idata$2                DATA
 0002:0000c8ac 00000014H .idata$3                DATA
 0002:0000c8c0 000003d8H .idata$4                DATA
 0002:0000cc98 000008a6H .idata$6                DATA
 0003:00000000 00000940H .data                   DATA
 0003:00000940 00000000H .data$r                 DATA
 0003:00000940 00000070H .didat$5                DATA
 0003:000009b0 00081b88H .bss                    DATA
 0004:00000000 000014dcH .pdata                  DATA
 0005:00000000 00000060H .rsrc$01                DATA
 0005:00000060 00000180H .rsrc$02                DATA

  Address         Publics by Value              Rva+Base               Lib:Object

 0000:00000000       __guard_iat_count          0000000000000000     <absolute>
 0000:00000000       __dynamic_value_reloc_table 0000000000000000     <absolute>
 0000:00000000       __hybrid_code_map          0000000000000000     <absolute>
 0000:00000000       __hybrid_code_map_count    0000000000000000     <absolute>
 0000:00000000       __guard_iat_table          0000000000000000     <absolute>
 0000:00000000       __guard_longjmp_table      0000000000000000     <absolute>
 0000:00000000       __guard_longjmp_count      0000000000000000     <absolute>
 0000:00000000       __hybrid_auxiliary_iat     0000000000000000     <absolute>
 0000:00000000       __guard_fids_count         0000000000000000     <absolute>
 0000:00000000       __enclave_config           0000000000000000     <absolute>
 0000:00000000       ___safe_se_handler_table   0000000000000000     <absolute>
 0000:00000000       ___safe_se_handler_count   0000000000000000     <absolute>
 0000:00000000       __guard_fids_table         0000000000000000     <absolute>
 0000:00000100       __guard_flags              0000000000000100     <absolute>
 0000:00000000       __ImageBase                0000000180000000     <linker-defined>
 0001:00000040       __local_stdio_printf_options 0000000180001040 f i ayeer_api.obj
 0001:00000050       sprintf                    0000000180001050 f i ayeer_api.obj
 0001:000000b0       ?NODE_SET_METHOD@node@@YAXV?$Local@VObject@v8@@@v8@@PEBDP6AXAEBV?$FunctionCallbackInfo@VValue@v8@@@3@@Z@Z 00000001800010b0 f i ayeer_api.obj
 0001:00000170       ?hello2Method@ayeer@@YAXAEBV?$FunctionCallbackInfo@VValue@v8@@@v8@@@Z 0000000180001170 f   ayeer_api.obj
 0001:00000320       ?main_do@ayeer@@YAXAEBV?$FunctionCallbackInfo@VValue@v8@@@v8@@@Z 0000000180001320 f   ayeer_api.obj
 0001:00000970       ?init@ayeer@@YAXV?$Local@VObject@v8@@@v8@@@Z 0000000180001970 f   ayeer_api.obj
 0001:000009c0       cJSON_Delete               00000001800019c0 f   cJSON.obj
 0001:000014c0       ??0CGbk2Utf8@@QEAA@XZ      00000001800024c0 f   Gbk2Utf8.obj
 0001:00137800       ?utf82unicode@CGbk2Utf8@@QEAAHPEADPEAH1H@Z 0000000180138800 f   Gbk2Utf8.obj
 0001:00137940       ?utf82gbk@CGbk2Utf8@@QEAAHPEAD0@Z 0000000180138940 f   Gbk2Utf8.obj
 0001:00137a20       ?gbk2utf8@CGbk2Utf8@@QEAAHPEAD0@Z 0000000180138a20 f   Gbk2Utf8.obj
 0001:00137b00       ?_AtlVerifyStackAvailable@_ATL_SAFE_ALLOCA_IMPL@ATL@@YA_N_K@Z 0000000180138b00 f i winapi.obj
 0001:00137b90       ?_AtlRaiseException@ATL@@YAXKK@Z 0000000180138b90 f i winapi.obj
 0001:00137ba0       ?AtlThrowImpl@ATL@@YAXJ@Z  0000000180138ba0 f i winapi.obj
 0001:00137bd0       ?AtlThrowLastWin32@ATL@@YAXXZ 0000000180138bd0 f i winapi.obj
 0001:00137bf0       ?_AtlInitializeCriticalSectionEx@ATL@@YAHPEAU_RTL_CRITICAL_SECTION@@KK@Z 0000000180138bf0 f i winapi.obj
 0001:00137c00       ?_AtlGetStringResourceImage@ATL@@YAPEBUATLSTRINGRESOURCEIMAGE@1@PEAUHINSTANCE__@@PEAUHRSRC__@@I@Z 0000000180138c00 f i winapi.obj
 0001:00137ca0       ?Allocate@CWin32Heap@ATL@@UEAAPEAX_K@Z 0000000180138ca0 f i winapi.obj
 0001:00137cb0       ?Free@CWin32Heap@ATL@@UEAAXPEAX@Z 0000000180138cb0 f i winapi.obj
 0001:00137cd0       ?Reallocate@CWin32Heap@ATL@@UEAAPEAXPEAX_K@Z 0000000180138cd0 f i winapi.obj
 0001:00137d20       ?GetSize@CWin32Heap@ATL@@UEAA_KPEAX@Z 0000000180138d20 f i winapi.obj
 0001:00137d30       ??_ECWin32Heap@ATL@@UEAAPEAXI@Z 0000000180138d30 f i * CIL library *:* CIL module *
 0001:00137d30       ??_GCWin32Heap@ATL@@UEAAPEAXI@Z 0000000180138d30 f i winapi.obj
 0001:00137d80       ?GetInstance@CAtlStringMgr@ATL@@SAPEAUIAtlStringMgr@2@XZ 0000000180138d80 f i winapi.obj
 0001:00137e90       ?Allocate@CAtlStringMgr@ATL@@UEAAPEAUCStringData@2@HH@Z 0000000180138e90 f i winapi.obj
 0001:00137f40       ?Free@CAtlStringMgr@ATL@@UEAAXPEAUCStringData@2@@Z 0000000180138f40 f i winapi.obj
 0001:00137f60       ?Reallocate@CAtlStringMgr@ATL@@UEAAPEAUCStringData@2@PEAU32@HH@Z 0000000180138f60 f i winapi.obj
 0001:00138020       ?GetNilString@CAtlStringMgr@ATL@@UEAAPEAUCStringData@2@XZ 0000000180139020 f i winapi.obj
 0001:00138030       ?Clone@CAtlStringMgr@ATL@@UEAAPEAUIAtlStringMgr@2@XZ 0000000180139030 f i winapi.obj
 0001:00138040       ??_ECAtlStringMgr@ATL@@UEAAPEAXI@Z 0000000180139040 f i * CIL library *:* CIL module *
 0001:00138040       ??_GCAtlStringMgr@ATL@@UEAAPEAXI@Z 0000000180139040 f i winapi.obj
 0001:00138070       ?GetInitGDIPlusInstance@CImage@ATL@@CAPEAVCInitGDIPlus@12@XZ 0000000180139070 f i winapi.obj
 0001:00138110       ??_GCImage@ATL@@UEAAPEAXI@Z 0000000180139110 f i winapi.obj
 0001:00138110       ??_ECImage@ATL@@UEAAPEAXI@Z 0000000180139110 f i * CIL library *:* CIL module *
 0001:00138150       ??1CImage@ATL@@UEAA@XZ     0000000180139150 f i winapi.obj
 0001:001381f0       ?FindCodecForExtension@CImage@ATL@@CA?AU_GUID@@PEBDPEBVImageCodecInfo@Gdiplus@@I@Z 00000001801391f0 f i winapi.obj
 0001:001387a0       ?Save@CImage@ATL@@QEBAJPEBDAEBU_GUID@@@Z 00000001801397a0 f i winapi.obj
 0001:00138a70       ?key_event@@YAXPEAD@Z      0000000180139a70 f   winapi.obj
 0001:00138d60       ?save_jpg_file@@YAHPEAUHWND__@@HHHHPEBD@Z 0000000180139d60 f   winapi.obj
 0001:00139030       ?Mid@?$CStringT@_WV?$StrTraitATL@_WV?$ChTraitsCRT@_W@ATL@@@ATL@@@ATL@@QEBA?AV12@HH@Z 000000018013a030 f i winapi.obj
 0001:00139230       ?LoadStringA@?$CStringT@_WV?$StrTraitATL@_WV?$ChTraitsCRT@_W@ATL@@@ATL@@@ATL@@QEAAHI@Z 000000018013a230 f i winapi.obj
 0001:001393c0       ?ThrowMemoryException@?$CSimpleStringT@_W$0A@@ATL@@KAXXZ 000000018013a3c0 f i winapi.obj
 0001:001393d0       ?CopyChars@?$CSimpleStringT@_W$0A@@ATL@@SAXPEA_W_KPEB_WH@Z 000000018013a3d0 f i winapi.obj
 0001:00139460       ?SetString@?$CSimpleStringT@_W$0A@@ATL@@QEAAXPEB_WH@Z 000000018013a460 f i winapi.obj
 0001:00139640       ?PrepareWrite2@?$CSimpleStringT@_W$0A@@ATL@@AEAAXH@Z 000000018013a640 f i winapi.obj
 0001:001396a0       ?Reallocate@?$CSimpleStringT@_W$0A@@ATL@@AEAAXH@Z 000000018013a6a0 f i winapi.obj
 0001:00139790       ?Fork@?$CSimpleStringT@_W$0A@@ATL@@AEAAXH@Z 000000018013a790 f i winapi.obj
 0001:00139880       ??$AtlConvFreeMemory@_W@ATL@@YAXPEA_W0H@Z 000000018013a880 f i winapi.obj
 0001:00139890       ??$AtlConvAllocMemory@_W@ATL@@YAXPEAPEA_WHPEA_WH@Z 000000018013a890 f i winapi.obj
 0001:00139944       __imp_load_?GetCurrent@Isolate@v8@@SAPEAV12@XZ 000000018013a944 f   node:node.exe
 0001:00139950       __tailMerge_node_exe       000000018013a950     node:node.exe
 0001:001399c9       __imp_load_??1HandleScope@v8@@QEAA@XZ 000000018013a9c9 f   node:node.exe
 0001:001399d5       __imp_load_??0HandleScope@v8@@QEAA@PEAVIsolate@1@@Z 000000018013a9d5 f   node:node.exe
 0001:001399e1       __imp_load_?GetFunction@FunctionTemplate@v8@@QEAA?AV?$Local@VFunction@v8@@@2@XZ 000000018013a9e1 f   node:node.exe
 0001:001399ed       __imp_load_?New@FunctionTemplate@v8@@SA?AV?$Local@VFunctionTemplate@v8@@@2@PEAVIsolate@2@P6AXAEBV?$FunctionCallbackInfo@VValue@v8@@@2@@ZV?$Local@VValue@v8@@@2@V?$Local@VSignature@v8@@@2@H@Z 000000018013a9ed f   node:node.exe
 0001:001399f9       __imp_load_??1Utf8Value@String@v8@@QEAA@XZ 000000018013a9f9 f   node:node.exe
 0001:00139a05       __imp_load_??0Utf8Value@String@v8@@QEAA@V?$Local@VValue@v8@@@2@@Z 000000018013aa05 f   node:node.exe
 0001:00139a11       __imp_load_?NewFromUtf8@String@v8@@SA?AV?$Local@VString@v8@@@2@PEAVIsolate@2@PEBDW4NewStringType@12@H@Z 000000018013aa11 f   node:node.exe
 0001:00139a1d       __imp_load_?Set@Object@v8@@QEAA_NV?$Local@VValue@v8@@@2@0@Z 000000018013aa1d f   node:node.exe
 0001:00139a29       __imp_load_?SetName@Function@v8@@QEAAXV?$Local@VString@v8@@@2@@Z 000000018013aa29 f   node:node.exe
 0001:00139a35       __imp_load_node_module_register 000000018013aa35 f   node:node.exe
 0001:00139a41       __imp_load_?ToString@Value@v8@@QEBA?AV?$Local@VString@v8@@@2@XZ 000000018013aa41 f   node:node.exe
 0001:00139a60       __security_check_cookie    000000018013aa60 f   LIBCMT:_amdsecgs_.obj
 0001:00139a84       __scrt_acquire_startup_lock 000000018013aa84 f   LIBCMT:utility.obj
 0001:00139ac0       __scrt_dllmain_after_initialize_c 000000018013aac0 f   LIBCMT:utility.obj
 0001:00139af4       __scrt_dllmain_before_initialize_c 000000018013aaf4 f   LIBCMT:utility.obj
 0001:00139b0c       __scrt_dllmain_crt_thread_attach 000000018013ab0c f   LIBCMT:utility.obj
 0001:00139b34       __scrt_dllmain_crt_thread_detach 000000018013ab34 f   LIBCMT:utility.obj
 0001:00139b4c       __scrt_dllmain_exception_filter 000000018013ab4c f   LIBCMT:utility.obj
 0001:00139bb0       __scrt_dllmain_uninitialize_c 000000018013abb0 f   LIBCMT:utility.obj
 0001:00139be0       __scrt_dllmain_uninitialize_critical 000000018013abe0 f   LIBCMT:utility.obj
 0001:00139bf4       __scrt_initialize_crt      000000018013abf4 f   LIBCMT:utility.obj
 0001:00139c40       __scrt_initialize_onexit_tables 000000018013ac40 f   LIBCMT:utility.obj
 0001:00139d20       __scrt_is_nonwritable_in_current_image 000000018013ad20 f   LIBCMT:utility.obj
 0001:00139dbc       __scrt_release_startup_lock 000000018013adbc f   LIBCMT:utility.obj
 0001:00139de0       __scrt_uninitialize_crt    000000018013ade0 f   LIBCMT:utility.obj
 0001:00139e0c       _onexit                    000000018013ae0c f   LIBCMT:utility.obj
 0001:00139e5c       atexit                     000000018013ae5c f   LIBCMT:utility.obj
 0001:00139e74       ??3@YAXPEAX@Z              000000018013ae74 f   LIBCMT:delete_scalar.obj
 0001:00139ff0       _Init_thread_footer        000000018013aff0 f   LIBCMT:thread_safe_statics.obj
 0001:0013a050       _Init_thread_header        000000018013b050 f   LIBCMT:thread_safe_statics.obj
 0001:0013a0b8       _Init_thread_notify        000000018013b0b8 f   LIBCMT:thread_safe_statics.obj
 0001:0013a114       _Init_thread_wait          000000018013b114 f   LIBCMT:thread_safe_statics.obj
 0001:0013a1a0       ??3@YAXPEAX_K@Z            000000018013b1a0 f   LIBCMT:delete_scalar_size.obj
 0001:0013a4ec       _DllMainCRTStartup         000000018013b4ec f   LIBCMT:dll_dllmain.obj
 0001:0013a52c       __raise_securityfailure    000000018013b52c f   LIBCMT:gs_report.obj
 0001:0013a560       __report_gsfailure         000000018013b560 f   LIBCMT:gs_report.obj
 0001:0013a634       __report_rangecheckfailure 000000018013b634 f   LIBCMT:gs_report.obj
 0001:0013a648       __report_securityfailure   000000018013b648 f   LIBCMT:gs_report.obj
 0001:0013a7c8       __isa_available_init       000000018013b7c8 f   LIBCMT:_cpu_disp_.obj
 0001:0013a984       __scrt_is_ucrt_dll_in_use  000000018013b984 f   LIBCMT:ucrt_detection.obj
 0001:0013a990       __crt_debugger_hook        000000018013b990 f   LIBCMT:utility_desktop.obj
 0001:0013a998       __scrt_fastfail            000000018013b998 f   LIBCMT:utility_desktop.obj
 0001:0013aae4       _guard_check_icall         000000018013bae4 f i LIBCMT:checkcfg.obj
 0001:0013aaec       __security_init_cookie     000000018013baec f   LIBCMT:gs_support.obj
 0001:0013ab9c       DllMain                    000000018013bb9c f   LIBCMT:dll_dllmain_stub.obj
 0001:0013ab9c       _get_startup_argv_mode     000000018013bb9c f   LIBCMT:argv_mode.obj
 0001:0013aba4       ?__scrt_initialize_type_info@@YAXXZ 000000018013bba4 f   LIBCMT:tncleanup.obj
 0001:0013abb4       ?__scrt_uninitialize_type_info@@YAXXZ 000000018013bbb4 f   LIBCMT:tncleanup.obj
 0001:0013abc0       __local_stdio_scanf_options 000000018013bbc0 f i LIBCMT:default_local_stdio_options.obj
 0001:0013abc8       __scrt_initialize_default_local_stdio_options 000000018013bbc8 f   LIBCMT:default_local_stdio_options.obj
 0001:0013abe4       __scrt_get_dyn_tls_init_callback 000000018013bbe4 f   LIBCMT:dyn_tls_init.obj
 0001:0013abec       _RTC_Initialize            000000018013bbec f   LIBCMT:_initsect_.obj
 0001:0013ac38       _RTC_Terminate             000000018013bc38 f   LIBCMT:_initsect_.obj
 0001:0013ac84       _guard_check_icall_nop     000000018013bc84 f i LIBCMT:guard_support.obj
 0001:0013ac90       ??0CAtlBaseModule@ATL@@QEAA@XZ 000000018013bc90 f   atls:atlbase.obj
 0001:0013ad38       ??1CAtlBaseModule@ATL@@QEAA@XZ 000000018013bd38 f   atls:atlbase.obj
 0001:0013ad6c       ?GetHInstanceAt@CAtlBaseModule@ATL@@QEAAPEAUHINSTANCE__@@H@Z 000000018013bd6c f   atls:atlbase.obj
 0001:0013ade4       __C_specific_handler       000000018013bde4 f   libvcruntime:_riscchandler_.obj
 0001:0013b000       memmove                    000000018013c000 f   libvcruntime:memcpy.obj
 0001:0013b000       memcpy                     000000018013c000 f   libvcruntime:memcpy.obj
 0001:0013b448       __vcrt_initialize          000000018013c448 f   libvcruntime:initialization.obj
 0001:0013b47c       __vcrt_thread_attach       000000018013c47c f   libvcruntime:initialization.obj
 0001:0013b490       __vcrt_thread_detach       000000018013c490 f   libvcruntime:initialization.obj
 0001:0013b4a4       __vcrt_uninitialize        000000018013c4a4 f   libvcruntime:initialization.obj
 0001:0013b4c4       __vcrt_uninitialize_critical 000000018013c4c4 f   libvcruntime:initialization.obj
 0001:0013b6ac       __vcrt_FlsAlloc            000000018013c6ac f   libvcruntime:winapi_downlevel.obj
 0001:0013b700       __vcrt_FlsFree             000000018013c700 f   libvcruntime:winapi_downlevel.obj
 0001:0013b754       __vcrt_FlsGetValue         000000018013c754 f   libvcruntime:winapi_downlevel.obj
 0001:0013b7a8       __vcrt_FlsSetValue         000000018013c7a8 f   libvcruntime:winapi_downlevel.obj
 0001:0013b810       __vcrt_InitializeCriticalSectionEx 000000018013c810 f   libvcruntime:winapi_downlevel.obj
 0001:0013b888       __vcrt_initialize_winapi_thunks 000000018013c888 f   libvcruntime:winapi_downlevel.obj
 0001:0013b8cc       __vcrt_uninitialize_winapi_thunks 000000018013c8cc f   libvcruntime:winapi_downlevel.obj
 0001:0013b920       memset                     000000018013c920 f   libvcruntime:memset.obj
 0001:0013bad0       __std_type_info_destroy_list 000000018013cad0 f   libvcruntime:std_type_info.obj
 0001:0013bb10       _local_unwind              000000018013cb10 f   libvcruntime:_jmpuwind_.obj
 0001:0013bb40       _NLG_Notify                000000018013cb40 f   libvcruntime:_jmpuwind_.obj
 0001:0013bb60       __NLG_Dispatch2            000000018013cb60 f   libvcruntime:_jmpuwind_.obj
 0001:0013bb70       __NLG_Return2              000000018013cb70 f   libvcruntime:_jmpuwind_.obj
 0001:0013bb74       __except_validate_context_record 000000018013cb74 f   libvcruntime:jbcxrval.obj
 0001:0013bbac       __vcrt_freefls             000000018013cbac f   libvcruntime:per_thread_data.obj
 0001:0013bbcc       __vcrt_freeptd             000000018013cbcc f   libvcruntime:per_thread_data.obj
 0001:0013bc1c       __vcrt_getptd_noexit       000000018013cc1c f   libvcruntime:per_thread_data.obj
 0001:0013bcd4       __vcrt_initialize_ptd      000000018013ccd4 f   libvcruntime:per_thread_data.obj
 0001:0013bd28       __vcrt_uninitialize_ptd    000000018013cd28 f   libvcruntime:per_thread_data.obj
 0001:0013bd4c       __vcrt_initialize_locks    000000018013cd4c f   libvcruntime:locks.obj
 0001:0013bd94       __vcrt_uninitialize_locks  000000018013cd94 f   libvcruntime:locks.obj
 0001:0013bdcc       __vcrt_initialize_pure_virtual_call_handler 000000018013cdcc f   libvcruntime:purevirt_data.obj
 0001:0013bfbc       ??$ensure_buffer_is_big_enough@D@formatting_buffer@__crt_stdio_output@@QEAA_N_K@Z 000000018013cfbc f i libucrt:output.obj
 0001:0013c064       ??$type_case_integer_parse_into_buffer@I@?$output_processor@DV?$string_output_adapter@D@__crt_stdio_output@@V?$standard_base@DV?$string_output_adapter@D@__crt_stdio_output@@@2@@__crt_stdio_output@@AEAAXII_N@Z 000000018013d064 f i libucrt:output.obj
 0001:0013c0ec       ??$type_case_integer_parse_into_buffer@_K@?$output_processor@DV?$string_output_adapter@D@__crt_stdio_output@@V?$standard_base@DV?$string_output_adapter@D@__crt_stdio_output@@@2@@__crt_stdio_output@@AEAAX_KI_N@Z 000000018013d0ec f i libucrt:output.obj
 0001:0013c17c       ??$write_multiple_characters@V?$string_output_adapter@D@__crt_stdio_output@@D@__crt_stdio_output@@YAXAEBV?$string_output_adapter@D@0@DHQEAH@Z 000000018013d17c f i libucrt:output.obj
 0001:0013c1d8       ??0_LocaleUpdate@@QEAA@QEAU__crt_locale_pointers@@@Z 000000018013d1d8 f i libucrt:output.obj
 0001:0013c268       ?force_decimal_point@__crt_stdio_output@@YAXPEADQEAU__crt_locale_pointers@@@Z 000000018013d268 f i libucrt:output.obj
 0001:0013c2d8       ?parse_int_from_format_string@?$output_processor@DV?$string_output_adapter@D@__crt_stdio_output@@V?$standard_base@DV?$string_output_adapter@D@__crt_stdio_output@@@2@@__crt_stdio_output@@AEAA_NQEAH@Z 000000018013d2d8 f i libucrt:output.obj
 0001:0013c37c       ?process@?$output_processor@DV?$string_output_adapter@D@__crt_stdio_output@@V?$standard_base@DV?$string_output_adapter@D@__crt_stdio_output@@@2@@__crt_stdio_output@@QEAAHXZ 000000018013d37c f i libucrt:output.obj
 0001:0013c584       ?state_case_normal@?$output_processor@DV?$string_output_adapter@D@__crt_stdio_output@@V?$standard_base@DV?$string_output_adapter@D@__crt_stdio_output@@@2@@__crt_stdio_output@@AEAA_NXZ 000000018013d584 f i libucrt:output.obj
 0001:0013c5f8       ?state_case_normal_tchar@?$output_processor@DV?$string_output_adapter@D@__crt_stdio_output@@V?$standard_base@DV?$string_output_adapter@D@__crt_stdio_output@@@2@@__crt_stdio_output@@AEAA_ND@Z 000000018013d5f8 f i libucrt:output.obj
 0001:0013c690       ?state_case_size@?$output_processor@DV?$string_output_adapter@D@__crt_stdio_output@@V?$standard_base@DV?$string_output_adapter@D@__crt_stdio_output@@@2@@__crt_stdio_output@@AEAA_NXZ 000000018013d690 f i libucrt:output.obj
 0001:0013c80c       ?state_case_type@?$output_processor@DV?$string_output_adapter@D@__crt_stdio_output@@V?$standard_base@DV?$string_output_adapter@D@__crt_stdio_output@@@2@@__crt_stdio_output@@AEAA_NXZ 000000018013d80c f i libucrt:output.obj
 0001:0013ca80       ?type_case_Z@?$output_processor@DV?$string_output_adapter@D@__crt_stdio_output@@V?$standard_base@DV?$string_output_adapter@D@__crt_stdio_output@@@2@@__crt_stdio_output@@AEAA_NXZ 000000018013da80 f i libucrt:output.obj
 0001:0013cb00       ?type_case_a@?$output_processor@DV?$string_output_adapter@D@__crt_stdio_output@@V?$standard_base@DV?$string_output_adapter@D@__crt_stdio_output@@@2@@__crt_stdio_output@@AEAA_NXZ 000000018013db00 f i libucrt:output.obj
 0001:0013cd18       ?type_case_c_tchar@?$output_processor@DV?$string_output_adapter@D@__crt_stdio_output@@V?$standard_base@DV?$string_output_adapter@D@__crt_stdio_output@@@2@@__crt_stdio_output@@AEAA_ND@Z 000000018013dd18 f i libucrt:output.obj
 0001:0013cde4       ?type_case_integer@?$output_processor@DV?$string_output_adapter@D@__crt_stdio_output@@V?$standard_base@DV?$string_output_adapter@D@__crt_stdio_output@@@2@@__crt_stdio_output@@AEAA_NI_N@Z 000000018013dde4 f i libucrt:output.obj
 0001:0013cfa8       ?type_case_n@?$output_processor@DV?$string_output_adapter@D@__crt_stdio_output@@V?$standard_base@DV?$string_output_adapter@D@__crt_stdio_output@@@2@@__crt_stdio_output@@AEAA_NXZ 000000018013dfa8 f i libucrt:output.obj
 0001:0013d084       ?type_case_s@?$output_processor@DV?$string_output_adapter@D@__crt_stdio_output@@V?$standard_base@DV?$string_output_adapter@D@__crt_stdio_output@@@2@@__crt_stdio_output@@AEAA_NXZ 000000018013e084 f i libucrt:output.obj
 0001:0013d120       ?write_stored_string_tchar@?$output_processor@DV?$string_output_adapter@D@__crt_stdio_output@@V?$standard_base@DV?$string_output_adapter@D@__crt_stdio_output@@@2@@__crt_stdio_output@@AEAA_ND@Z 000000018013e120 f i libucrt:output.obj
 0001:0013d1f8       ?write_string@?$string_output_adapter@D@__crt_stdio_output@@QEBAXQEBDHQEAHAEAV__crt_deferred_errno_cache@@@Z 000000018013e1f8 f i libucrt:output.obj
 0001:0013d29c       __stdio_common_vsprintf    000000018013e29c f   libucrt:output.obj
 0001:0013d2a4       ??$parse_integer@KV?$c_string_character_source@D@__crt_strtox@@@__crt_strtox@@YAKQEAU__crt_locale_pointers@@V?$c_string_character_source@D@0@H_N@Z 000000018013e2a4 f i libucrt:atox.obj
 0001:0013d5c0       atoi                       000000018013e5c0 f   libucrt:atox.obj
 0001:0013d630       _tolower_l                 000000018013e630 f   libucrt:tolower_toupper.obj
 0001:0013d770       tolower                    000000018013e770 f   libucrt:tolower_toupper.obj
 0001:0013d7b0       strncmp                    000000018013e7b0 f   libucrt:strncmp.obj
 0001:0013d830       free                       000000018013e830 f   libucrt:free.obj
 0001:0013d844       malloc                     000000018013e844 f   libucrt:malloc.obj
 0001:0013d84c       __ascii_stricmp            000000018013e84c f   libucrt:stricmp.obj
 0001:0013d88c       _stricmp                   000000018013e88c f   libucrt:stricmp.obj
 0001:0013d8d4       _stricmp_l                 000000018013e8d4 f   libucrt:stricmp.obj
 0001:0013d988       _resetstkoflw              000000018013e988 f   libucrt:resetstk.obj
 0001:0013dab4       wmemcpy_s                  000000018013eab4 f   libucrt:wmemcpy_s.obj
 0001:0013db30       calloc                     000000018013eb30 f   libucrt:calloc.obj
 0001:0013db38       _recalloc                  000000018013eb38 f   libucrt:recalloc.obj
 0001:0013db40       _recalloc_base             000000018013eb40 f   libucrt:recalloc.obj
 0001:0013dbd8       _wcsicmp                   000000018013ebd8 f   libucrt:wcsicmp.obj
 0001:0013dc5c       _wcsicmp_l                 000000018013ec5c f   libucrt:wcsicmp.obj
 0001:0013dd4c       __acrt_call_reportfault    000000018013ed4c f   libucrt:invalid_parameter.obj
 0001:0013dea8       __acrt_initialize_invalid_parameter_handler 000000018013eea8 f   libucrt:invalid_parameter.obj
 0001:0013deb0       _invalid_parameter         000000018013eeb0 f   libucrt:invalid_parameter.obj
 0001:0013df60       _invalid_parameter_noinfo  000000018013ef60 f   libucrt:invalid_parameter.obj
 0001:0013df80       _invoke_watson             000000018013ef80 f   libucrt:invalid_parameter.obj
 0001:0013dfc8       __acrt_errno_from_os_error 000000018013efc8 f   libucrt:errno.obj
 0001:0013e010       __acrt_errno_map_os_error  000000018013f010 f   libucrt:errno.obj
 0001:0013e060       __doserrno                 000000018013f060 f   libucrt:errno.obj
 0001:0013e080       _errno                     000000018013f080 f   libucrt:errno.obj
 0001:0013e0a0       wcsspn                     000000018013f0a0 f   libucrt:wcsspn.obj
 0001:0013e0e4       wcscspn                    000000018013f0e4 f   libucrt:wcscspn.obj
 0001:0013e124       _seh_filter_dll            000000018013f124 f   libucrt:exception_filter.obj
 0001:0013e138       _seh_filter_exe            000000018013f138 f   libucrt:exception_filter.obj
 0001:0013e544       __acrt_initialize_thread_local_exit_callback 000000018013f544 f   libucrt:exit.obj
 0001:0013e54c       _cexit                     000000018013f54c f   libucrt:exit.obj
 0001:0013e55c       _exit                      000000018013f55c f   libucrt:exit.obj
 0001:0013e568       _is_c_termination_complete 000000018013f568 f   libucrt:exit.obj
 0001:0013e72c       __acrt_allocate_buffer_for_argv 000000018013f72c f   libucrt:argv_parsing.obj
 0001:0013e78c       _configure_narrow_argv     000000018013f78c f   libucrt:argv_parsing.obj
 0001:0013eb08       __dcrt_uninitialize_environments_nolock 000000018013fb08 f   libucrt:environment_initialization.obj
 0001:0013eb40       _initialize_narrow_environment 000000018013fb40 f   libucrt:environment_initialization.obj
 0001:0013eed0       _crt_atexit                000000018013fed0 f   libucrt:onexit.obj
 0001:0013eee0       _execute_onexit_table      000000018013fee0 f   libucrt:onexit.obj
 0001:0013ef1c       _initialize_onexit_table   000000018013ff1c f   libucrt:onexit.obj
 0001:0013ef5c       _register_onexit_function  000000018013ff5c f   libucrt:onexit.obj
 0001:0013efec       __acrt_uninitialize_command_line 000000018013ffec f   libucrt:argv_data.obj
 0001:0013f0e8       __acrt_initialize          00000001801400e8 f   libucrt:initialization.obj
 0001:0013f0fc       __acrt_thread_attach       00000001801400fc f   libucrt:initialization.obj
 0001:0013f110       __acrt_thread_detach       0000000180140110 f   libucrt:initialization.obj
 0001:0013f120       __acrt_uninitialize        0000000180140120 f   libucrt:initialization.obj
 0001:0013f158       __acrt_uninitialize_critical 0000000180140158 f   libucrt:initialization.obj
 0001:0013f168       _initterm                  0000000180140168 f   libucrt:initterm.obj
 0001:0013f1cc       _initterm_e                00000001801401cc f   libucrt:initterm.obj
 0001:0013f20c       terminate                  000000018014020c f   libucrt:terminate.obj
 0001:0013f22c       wcsncmp                    000000018014022c f   libucrt:wcsncmp.obj
 0001:0013f258       _free_base                 0000000180140258 f   libucrt:free_base.obj
 0001:0013f298       _malloc_base               0000000180140298 f   libucrt:malloc_base.obj
 0001:0013f2f8       strcpy_s                   00000001801402f8 f   libucrt:strcpy_s.obj
 0001:0013f358       abort                      0000000180140358 f   libucrt:abort.obj
 0001:0013f3b0       _calloc_base               00000001801403b0 f   libucrt:calloc_base.obj
 0001:0013f428       isdigit                    0000000180140428 f i libucrt:_ctype.obj
 0001:0013f49c       strtol                     000000018014049c f   libucrt:strtox.obj
 0001:0013f4c8       _mbtowc_l                  00000001801404c8 f   libucrt:mbtowc.obj
 0001:0013f610       mbtowc                     0000000180140610 f   libucrt:mbtowc.obj
 0001:0013f618       _wctomb_s_l                0000000180140618 f   libucrt:wctomb.obj
 0001:0013f79c       wctomb_s                   000000018014079c f   libucrt:wctomb.obj
 0001:0013f7b0       strnlen                    00000001801407b0 f   libucrt:strnlen.obj
 0001:0013f8f4       wcsnlen                    00000001801408f4 f   libucrt:strnlen.obj
 0001:0013fe34       __acrt_freeptd             0000000180140e34 f   libucrt:per_thread_data.obj
 0001:0013fe78       __acrt_getptd              0000000180140e78 f   libucrt:per_thread_data.obj
 0001:0013ff44       __acrt_getptd_head         0000000180140f44 f   libucrt:per_thread_data.obj
 0001:0013ffec       __acrt_getptd_noexit       0000000180140fec f   libucrt:per_thread_data.obj
 0001:001400bc       __acrt_initialize_ptd      00000001801410bc f   libucrt:per_thread_data.obj
 0001:001400f8       __acrt_uninitialize_ptd    00000001801410f8 f   libucrt:per_thread_data.obj
 0001:0014011c       __acrt_update_locale_info  000000018014111c f   libucrt:locale_update.obj
 0001:00140150       __acrt_update_multibyte_info 0000000180141150 f   libucrt:locale_update.obj
 0001:00140b40       __acrt_fp_format           0000000180141b40 f   libucrt:cvt.obj
 0001:00140dc8       _fileno                    0000000180141dc8 f   libucrt:fileno.obj
 0001:00140df0       __acrt_initialize_stdio    0000000180141df0 f   libucrt:_file.obj
 0001:00140f10       __acrt_uninitialize_stdio  0000000180141f10 f   libucrt:_file.obj
 0001:00140f6c       _lock_file                 0000000180141f6c f   libucrt:_file.obj
 0001:00140f78       _unlock_file               0000000180141f78 f   libucrt:_file.obj
 0001:00140f84       _get_printf_count_output   0000000180141f84 f   libucrt:printf_count_output.obj
 0001:0014100c       __acrt_set_locale_changed  000000018014200c f   libucrt:wsetlocale.obj
 0001:00141018       __acrt_uninitialize_locale 0000000180142018 f   libucrt:wsetlocale.obj
 0001:00141230       __acrt_initialize_lowio    0000000180142230 f   libucrt:ioinit.obj
 0001:0014126c       __acrt_uninitialize_lowio  000000018014226c f   libucrt:ioinit.obj
 0001:001412ac       __pctype_func              00000001801422ac f   libucrt:ctype.obj
 0001:001412dc       iswctype                   00000001801422dc f   libucrt:iswctype.obj
 0001:0014134c       _isctype_l                 000000018014234c f   libucrt:isctype.obj
 0001:0014145c       _isleadbyte_l              000000018014245c f i libucrt:_wctype.obj
 0001:001417b4       __acrt_LCMapStringA        00000001801427b4 f   libucrt:lcmapstringa.obj
 0001:00141a24       __acrt_AppPolicyGetProcessTerminationMethodInternal 0000000180142a24 f   libucrt:winapi_thunks.obj
 0001:00141a74       __acrt_FlsAlloc            0000000180142a74 f   libucrt:winapi_thunks.obj
 0001:00141abc       __acrt_FlsFree             0000000180142abc f   libucrt:winapi_thunks.obj
 0001:00141b04       __acrt_FlsGetValue         0000000180142b04 f   libucrt:winapi_thunks.obj
 0001:00141b4c       __acrt_FlsSetValue         0000000180142b4c f   libucrt:winapi_thunks.obj
 0001:00141ba0       __acrt_InitializeCriticalSectionEx 0000000180142ba0 f   libucrt:winapi_thunks.obj
 0001:00141c04       __acrt_LCMapStringEx       0000000180142c04 f   libucrt:winapi_thunks.obj
 0001:00141ce0       __acrt_LocaleNameToLCID    0000000180142ce0 f   libucrt:winapi_thunks.obj
 0001:00141d30       __acrt_SetThreadStackGuarantee 0000000180142d30 f   libucrt:winapi_thunks.obj
 0001:00141d74       __acrt_initialize_winapi_thunks 0000000180142d74 f   libucrt:winapi_thunks.obj
 0001:00141dbc       __acrt_uninitialize_winapi_thunks 0000000180142dbc f   libucrt:winapi_thunks.obj
 0001:00141e00       _msize                     0000000180142e00 f   libucrt:msize.obj
 0001:00141e08       _msize_base                0000000180142e08 f   libucrt:msize.obj
 0001:00141e44       _realloc_base              0000000180142e44 f   libucrt:realloc_base.obj
 0001:00141ec0       _towlower_l                0000000180142ec0 f   libucrt:towlower.obj
 0001:00141f84       __acrt_initialize_locks    0000000180142f84 f   libucrt:locks.obj
 0001:00141fcc       __acrt_lock                0000000180142fcc f   libucrt:locks.obj
 0001:00141fe8       __acrt_uninitialize_locks  0000000180142fe8 f   libucrt:locks.obj
 0001:00142020       __acrt_unlock              0000000180143020 f   libucrt:locks.obj
 0001:0014203c       __acrt_get_process_end_policy 000000018014303c f   libucrt:win_policies.obj
 0001:001425dc       __acrt_expand_narrow_argv_wildcards 00000001801435dc f   libucrt:argv_wildcards.obj
 0001:00142d24       __acrt_initialize_multibyte 0000000180143d24 f   libucrt:mbctype.obj
 0001:00142d84       __acrt_update_thread_multibyte_data 0000000180143d84 f   libucrt:mbctype.obj
 0001:00142da0       _setmbcp_nolock            0000000180143da0 f   libucrt:mbctype.obj
 0001:001430d8       _ismbblead                 00000001801440d8 f   libucrt:ismbbyte.obj
 0001:001430ec       __acrt_initialize_command_line 00000001801440ec f   libucrt:argv_data.obj
 0001:00143114       __dcrt_get_narrow_environment_from_os 0000000180144114 f   libucrt:get_environment_from_os.obj
 0001:00143218       __acrt_initialize_heap     0000000180144218 f   libucrt:heap_handle.obj
 0001:00143234       __acrt_uninitialize_heap   0000000180144234 f   libucrt:heap_handle.obj
 0001:00143240       __acrt_execute_initializers 0000000180144240 f   libucrt:shared_initialization.obj
 0001:001432c0       __acrt_execute_uninitializers 00000001801442c0 f   libucrt:shared_initialization.obj
 0001:001432fc       __acrt_initialize_new_handler 00000001801442fc f   libucrt:new_handler.obj
 0001:00143304       _callnewh                  0000000180144304 f   libucrt:new_handler.obj
 0001:00143334       _query_new_handler         0000000180144334 f   libucrt:new_handler.obj
 0001:001433b0       __acrt_get_sigabrt_handler 00000001801443b0 f   libucrt:signal.obj
 0001:001433e0       __acrt_initialize_signal_handlers 00000001801443e0 f   libucrt:signal.obj
 0001:00143400       raise                      0000000180144400 f   libucrt:signal.obj
 0001:00143674       __acrt_has_user_matherr    0000000180144674 f   libucrt:matherr.obj
 0001:00143694       __acrt_initialize_user_matherr 0000000180144694 f   libucrt:matherr.obj
 0001:0014369c       __acrt_invoke_user_matherr 000000018014469c f   libucrt:matherr.obj
 0001:001438b0       __acrt_stdio_flush_nolock  00000001801448b0 f   libucrt:fflush.obj
 0001:0014392c       _fflush_nolock             000000018014492c f   libucrt:fflush.obj
 0001:00143978       _flushall                  0000000180144978 f   libucrt:fflush.obj
 0001:00143980       _query_new_mode            0000000180144980 f   libucrt:new_mode.obj
 0001:00143988       __acrt_MultiByteToWideChar 0000000180144988 f   libucrt:multibytetowidechar.obj
 0001:00143990       __acrt_WideCharToMultiByte 0000000180144990 f   libucrt:widechartomultibyte.obj
 0001:00143998       __acrt_add_locale_ref      0000000180144998 f   libucrt:locale_refcounting.obj
 0001:00143a24       __acrt_free_locale         0000000180144a24 f   libucrt:locale_refcounting.obj
 0001:00143b9c       __acrt_locale_add_lc_time_reference 0000000180144b9c f   libucrt:locale_refcounting.obj
 0001:00143bc4       __acrt_locale_free_lc_time_if_unreferenced 0000000180144bc4 f   libucrt:locale_refcounting.obj
 0001:00143bfc       __acrt_locale_release_lc_time_reference 0000000180144bfc f   libucrt:locale_refcounting.obj
 0001:00143c24       __acrt_release_locale_ref  0000000180144c24 f   libucrt:locale_refcounting.obj
 0001:00143ccc       __acrt_update_thread_locale_data 0000000180144ccc f   libucrt:locale_refcounting.obj
 0001:00143d3c       _updatetlocinfoEx_nolock   0000000180144d3c f   libucrt:locale_refcounting.obj
 0001:00143da4       __acrt_fp_strflt_to_string 0000000180144da4 f   libucrt:_fptostr.obj
 0001:00143e70       ?divide@__crt_strtox@@YA_KAEAUbig_integer@1@AEBU21@@Z 0000000180144e70 f i libucrt:cfout.obj
 0001:00144304       __acrt_fltout              0000000180145304 f   libucrt:cfout.obj
 0001:001456e0       _fcloseall                 00000001801466e0 f   libucrt:closeall.obj
 0001:00145794       __acrt_stdio_free_buffer_nolock 0000000180146794 f   libucrt:_freebuf.obj
 0001:001457d4       _isatty                    00000001801467d4 f   libucrt:isatty.obj
 0001:00145834       __acrt_locale_free_monetary 0000000180146834 f   libucrt:initmon.obj
 0001:00145940       __acrt_locale_free_numeric 0000000180146940 f   libucrt:initnum.obj
 0001:00145a00       __acrt_locale_free_time    0000000180146a00 f   libucrt:inittime.obj
 0001:00145b08       __acrt_GetStringTypeA      0000000180146b08 f   libucrt:getstringtypea.obj
 0001:00145c98       __acrt_lowio_create_handle_array 0000000180146c98 f   libucrt:osfinfo.obj
 0001:00145d30       __acrt_lowio_destroy_handle_array 0000000180146d30 f   libucrt:osfinfo.obj
 0001:00145d80       __acrt_lowio_ensure_fh_exists 0000000180146d80 f   libucrt:osfinfo.obj
 0001:00145e28       __acrt_lowio_lock_fh       0000000180146e28 f   libucrt:osfinfo.obj
 0001:00145e4c       __acrt_lowio_unlock_fh     0000000180146e4c f   libucrt:osfinfo.obj
 0001:00145e70       _free_osfhnd               0000000180146e70 f   libucrt:osfinfo.obj
 0001:00145f2c       _get_osfhandle             0000000180146f2c f   libucrt:osfinfo.obj
 0001:00145fa4       __acrt_GetStringTypeW      0000000180146fa4 f   libucrt:getstringtypew.obj
 0001:00145fac       __strncnt                  0000000180146fac f   libucrt:strncnt.obj
 0001:00146090       __acrt_DownlevelLocaleNameToLCID 0000000180147090 f   libucrt:lcidtoname_downlevel.obj
 0001:001460c4       __acrt_LCMapStringW        00000001801470c4 f   libucrt:lcmapstringw.obj
 0001:00146150       qsort                      0000000180147150 f   libucrt:qsort.obj
 0001:00146500       strncpy_s                  0000000180147500 f   libucrt:strncpy_s.obj
 0001:00146680       strpbrk                    0000000180147680 f   libucrt:strpbrk.obj
 0001:00146a60       _mbsdec                    0000000180147a60 f   libucrt:mbsdec.obj
 0001:00146a68       _mbsdec_l                  0000000180147a68 f   libucrt:mbsdec.obj
 0001:00146b9c       _commit                    0000000180147b9c f   libucrt:commit.obj
 0001:001471e8       _write                     00000001801481e8 f   libucrt:write.obj
 0001:001472d4       _write_nolock              00000001801482d4 f   libucrt:write.obj
 0001:00147618       fegetenv                   0000000180148618 f   libucrt:fegetenv.obj
 0001:00147638       fesetenv                   0000000180148638 f   libucrt:fesetenv.obj
 0001:00147688       feholdexcept               0000000180148688 f   libucrt:feholdexcept.obj
 0001:001476d8       ceil                       00000001801486d8 f   libucrt:ceil.obj
 0001:001477a0       log10                      00000001801487a0 f   libucrt:log10.obj
 0001:00147de8       _lseeki64_nolock           0000000180148de8 f   libucrt:lseek.obj
 0001:00147df0       _fclose_nolock             0000000180148df0 f   libucrt:fclose.obj
 0001:00147e74       fclose                     0000000180148e74 f   libucrt:fclose.obj
 0001:00147ed8       _query_app_type            0000000180148ed8 f   libucrt:report_runtime_error.obj
 0001:00147ee0       _putwch_nolock             0000000180148ee0 f   libucrt:putwch.obj
 0001:00147f1c       __acrt_fenv_get_control    0000000180148f1c f   libucrt:_fenvutils.obj
 0001:0014801c       __acrt_fenv_get_status     000000018014901c f   libucrt:_fenvutils.obj
 0001:00148074       __acrt_fenv_set_control    0000000180149074 f   libucrt:_fenvutils.obj
 0001:001481bc       __acrt_fenv_set_status     00000001801491bc f   libucrt:_fenvutils.obj
 0001:00148240       _clearfp                   0000000180149240 f   libucrt:ieee.obj
 0001:001483d4       _handle_error              00000001801493d4 f   libucrt:libm_error.obj
 0001:001484fc       _handle_nan                00000001801494fc f   libucrt:libm_error.obj
 0001:00148520       __acrt_initialize_fma3     0000000180149520 f   libucrt:fma3_available.obj
 0001:00148590       _log10_special             0000000180149590 f   libucrt:log_special.obj
 0001:001486bc       _close                     00000001801496bc f   libucrt:close.obj
 0001:00148760       _close_nolock              0000000180149760 f   libucrt:close.obj
 0001:0014881c       ?__acrt_stdio_free_stream@@YAXV__crt_stdio_stream@@@Z 000000018014981c f   libucrt:stream.obj
 0001:00148838       __dcrt_lowio_ensure_console_output_initialized 0000000180149838 f   libucrt:initcon.obj
 0001:0014888c       __dcrt_terminate_console_output 000000018014988c f   libucrt:initcon.obj
 0001:001488a8       __dcrt_write_console_w     00000001801498a8 f   libucrt:initcon.obj
 0001:00148980       _get_fpsr                  0000000180149980 f   libucrt:fpsr.obj
 0001:00148990       _set_fpsr                  0000000180149990 f   libucrt:fpsr.obj
 0001:0014899a       _fclrf                     000000018014999a f   libucrt:fpsr.obj
 0001:001489ae       _frnd                      00000001801499ae f   libucrt:fpsr.obj
 0001:001489d0       _raise_exc                 00000001801499d0 f   libucrt:fpexcept.obj
 0001:001489f8       _raise_exc_ex              00000001801499f8 f   libucrt:fpexcept.obj
 0001:00148d00       _set_errno_from_matherr    0000000180149d00 f   libucrt:fpexcept.obj
 0001:00148d30       _clrfp                     0000000180149d30 f   libucrt:fpctrl.obj
 0001:00148d50       _ctrlfp                    0000000180149d50 f   libucrt:fpctrl.obj
 0001:00148dcc       _set_statfp                0000000180149dcc f   libucrt:fpctrl.obj
 0001:00148dec       _statfp                    0000000180149dec f   libucrt:fpctrl.obj
 0001:00148dfd       IsProcessorFeaturePresent  0000000180149dfd f   kernel32:KERNEL32.dll
 0001:00148e03       RtlUnwindEx                0000000180149e03 f   kernel32:KERNEL32.dll
 0001:00148e0c       ?DloadAcquireSectionWriteAccess@@YAXXZ 0000000180149e0c f i DelayImp:delayhlp.obj
 0001:00148ec8       ?DloadGetSRWLockFunctionPointers@@YAEXZ 0000000180149ec8 f i DelayImp:delayhlp.obj
 0001:00148f64       ?DloadMakePermanentImageCommit@@YAXPEAX_K@Z 0000000180149f64 f i DelayImp:delayhlp.obj
 0001:00149000       ?DloadObtainSection@@YAPEAXPEAK0@Z 000000018014a000 f i DelayImp:delayhlp.obj
 0001:00149094       ?DloadProtectSection@@YAXKPEAK@Z 000000018014a094 f i DelayImp:delayhlp.obj
 0001:00149124       ?DloadReleaseSectionWriteAccess@@YAXXZ 000000018014a124 f i DelayImp:delayhlp.obj
 0001:001491c8       __delayLoadHelper2         000000018014a1c8 f   DelayImp:delayhlp.obj
 0001:001494c0       _FindPESection             000000018014a4c0 f   LIBCMT:pesect.obj
 0001:00149510       _IsNonwritableInCurrentImage 000000018014a510 f   LIBCMT:pesect.obj
 0001:00149560       _ValidateImageBase         000000018014a560 f   LIBCMT:pesect.obj
 0001:00149590       __GSHandlerCheck           000000018014a590 f   LIBCMT:_gshandler_.obj
 0001:001495b0       __GSHandlerCheckCommon     000000018014a5b0 f   LIBCMT:_gshandler_.obj
 0001:00149620       __chkstk                   000000018014a620 f   LIBCMT:_chkstk_.obj
 0001:00149620       _alloca_probe              000000018014a620 f   LIBCMT:_chkstk_.obj
 0001:00149674       strrchr                    000000018014a674 f   libvcruntime:strrchr.obj
 0001:001497d0       memcmp                     000000018014a7d0 f   libvcruntime:memcmp.obj
 0001:00149898       __GSHandlerCheck_SEH       000000018014a898 f   LIBCMT:_gshandlerseh_.obj
 0001:00149920       pow                        000000018014a920 f   libucrt:pow.obj
 0001:0014afd0       strcmp                     000000018014bfd0 f   libucrt:strcmp.obj
 0001:0014b040       _pow_special               000000018014c040 f   libucrt:pow_special.obj
 0001:0014b180       _guard_dispatch_icall_nop  000000018014c180 f   LIBCMT:_guard_dispatch_.obj
 0001:0014b1a0       __guard_ss_verify_failure  000000018014c1a0 f   LIBCMT:_rfgfailure_.obj
 0001:0014b1ab       __guard_ss_verify_failure_rcx 000000018014c1ab     LIBCMT:_rfgfailure_.obj
 0001:0014b1b1       __guard_ss_verify_failure_rdx 000000018014c1b1     LIBCMT:_rfgfailure_.obj
 0001:0014b1b7       __guard_ss_verify_failure_r8 000000018014c1b7     LIBCMT:_rfgfailure_.obj
 0001:0014b1bd       __guard_ss_verify_failure_r9 000000018014c1bd     LIBCMT:_rfgfailure_.obj
 0001:0014b1c3       __guard_ss_verify_failure_r10 000000018014c1c3     LIBCMT:_rfgfailure_.obj
 0001:0014b1d0       __guard_ss_verify_failure_default 000000018014c1d0 f   LIBCMT:_rfgfailure_.obj
 0001:0014b230       __guard_ss_verify_sp       000000018014c230 f   LIBCMT:_rfgfailure_.obj
 0001:0014b240       __guard_ss_verify_sp_default 000000018014c240 f   LIBCMT:_rfgfailure_.obj
 0001:0014b4c0       ??__FstrMgr@?1??GetInstance@CAtlStringMgr@ATL@@SAPEAUIAtlStringMgr@2@XZ@YAXXZ 000000018014c4c0 f i winapi.obj
 0001:0014b4d0       ??__FstrHeap@?1??GetInstance@CAtlStringMgr@ATL@@SAPEAUIAtlStringMgr@2@XZ@YAXXZ 000000018014c4d0 f i winapi.obj
 0001:0014b500       ??__FgdiPlus@?1??GetInitGDIPlusInstance@CImage@ATL@@CAPEAVCInitGDIPlus@12@XZ@YAXXZ 000000018014c500 f i winapi.obj
 0002:00000000       __imp_BitBlt               000000018014d000     gdi32:GDI32.dll
 0002:00000008       __imp_CreateCompatibleBitmap 000000018014d008     gdi32:GDI32.dll
 0002:00000010       __imp_SelectObject         000000018014d010     gdi32:GDI32.dll
 0002:00000018       __imp_CreateCompatibleDC   000000018014d018     gdi32:GDI32.dll
 0002:00000020       __imp_DeleteDC             000000018014d020     gdi32:GDI32.dll
 0002:00000028       __imp_DeleteObject         000000018014d028     gdi32:GDI32.dll
 0002:00000030       __imp_GetObjectA           000000018014d030     gdi32:GDI32.dll
 0002:00000038       \177GDI32_NULL_THUNK_DATA  000000018014d038     gdi32:GDI32.dll
 0002:00000040       __imp_HeapReAlloc          000000018014d040     kernel32:KERNEL32.dll
 0002:00000048       __imp_RaiseException       000000018014d048     kernel32:KERNEL32.dll
 0002:00000050       __imp_FindResourceExW      000000018014d050     kernel32:KERNEL32.dll
 0002:00000058       __imp_LoadResource         000000018014d058     kernel32:KERNEL32.dll
 0002:00000060       __imp_FindResourceW        000000018014d060     kernel32:KERNEL32.dll
 0002:00000068       __imp_HeapAlloc            000000018014d068     kernel32:KERNEL32.dll
 0002:00000070       __imp_HeapDestroy          000000018014d070     kernel32:KERNEL32.dll
 0002:00000078       __imp_DeleteCriticalSection 000000018014d078     kernel32:KERNEL32.dll
 0002:00000080       __imp_GetProcessHeap       000000018014d080     kernel32:KERNEL32.dll
 0002:00000088       __imp_WriteConsoleW        000000018014d088     kernel32:KERNEL32.dll
 0002:00000090       __imp_CreateFileW          000000018014d090     kernel32:KERNEL32.dll
 0002:00000098       __imp_SetFilePointerEx     000000018014d098     kernel32:KERNEL32.dll
 0002:000000a0       __imp_LockResource         000000018014d0a0     kernel32:KERNEL32.dll
 0002:000000a8       __imp_GetConsoleCP         000000018014d0a8     kernel32:KERNEL32.dll
 0002:000000b0       __imp_WriteFile            000000018014d0b0     kernel32:KERNEL32.dll
 0002:000000b8       __imp_FlushFileBuffers     000000018014d0b8     kernel32:KERNEL32.dll
 0002:000000c0       __imp_SetStdHandle         000000018014d0c0     kernel32:KERNEL32.dll
 0002:000000c8       __imp_GetStringTypeW       000000018014d0c8     kernel32:KERNEL32.dll
 0002:000000d0       __imp_FreeEnvironmentStringsW 000000018014d0d0     kernel32:KERNEL32.dll
 0002:000000d8       __imp_GetEnvironmentStringsW 000000018014d0d8     kernel32:KERNEL32.dll
 0002:000000e0       __imp_GetCommandLineW      000000018014d0e0     kernel32:KERNEL32.dll
 0002:000000e8       __imp_GetCommandLineA      000000018014d0e8     kernel32:KERNEL32.dll
 0002:000000f0       __imp_GetCPInfo            000000018014d0f0     kernel32:KERNEL32.dll
 0002:000000f8       __imp_GetLastError         000000018014d0f8     kernel32:KERNEL32.dll
 0002:00000100       __imp_MultiByteToWideChar  000000018014d100     kernel32:KERNEL32.dll
 0002:00000108       __imp_HeapSize             000000018014d108     kernel32:KERNEL32.dll
 0002:00000110       __imp_InitializeCriticalSectionEx 000000018014d110     kernel32:KERNEL32.dll
 0002:00000118       __imp_LeaveCriticalSection 000000018014d118     kernel32:KERNEL32.dll
 0002:00000120       __imp_EnterCriticalSection 000000018014d120     kernel32:KERNEL32.dll
 0002:00000128       __imp_HeapFree             000000018014d128     kernel32:KERNEL32.dll
 0002:00000130       __imp_SizeofResource       000000018014d130     kernel32:KERNEL32.dll
 0002:00000138       __imp_GetModuleHandleA     000000018014d138     kernel32:KERNEL32.dll
 0002:00000140       __imp_GetConsoleMode       000000018014d140     kernel32:KERNEL32.dll
 0002:00000148       __imp_Sleep                000000018014d148     kernel32:KERNEL32.dll
 0002:00000150       __imp_GetOEMCP             000000018014d150     kernel32:KERNEL32.dll
 0002:00000158       __imp_IsValidCodePage      000000018014d158     kernel32:KERNEL32.dll
 0002:00000160       __imp_FindNextFileA        000000018014d160     kernel32:KERNEL32.dll
 0002:00000168       __imp_FindFirstFileExA     000000018014d168     kernel32:KERNEL32.dll
 0002:00000170       __imp_FindClose            000000018014d170     kernel32:KERNEL32.dll
 0002:00000178       __imp_LCMapStringW         000000018014d178     kernel32:KERNEL32.dll
 0002:00000180       __imp_GetFileType          000000018014d180     kernel32:KERNEL32.dll
 0002:00000188       __imp_CloseHandle          000000018014d188     kernel32:KERNEL32.dll
 0002:00000190       __imp_SetEvent             000000018014d190     kernel32:KERNEL32.dll
 0002:00000198       __imp_ResetEvent           000000018014d198     kernel32:KERNEL32.dll
 0002:000001a0       __imp_WaitForSingleObjectEx 000000018014d1a0     kernel32:KERNEL32.dll
 0002:000001a8       __imp_CreateEventW         000000018014d1a8     kernel32:KERNEL32.dll
 0002:000001b0       __imp_GetModuleHandleW     000000018014d1b0     kernel32:KERNEL32.dll
 0002:000001b8       __imp_GetProcAddress       000000018014d1b8     kernel32:KERNEL32.dll
 0002:000001c0       __imp_RtlCaptureContext    000000018014d1c0     kernel32:KERNEL32.dll
 0002:000001c8       __imp_RtlLookupFunctionEntry 000000018014d1c8     kernel32:KERNEL32.dll
 0002:000001d0       __imp_RtlVirtualUnwind     000000018014d1d0     kernel32:KERNEL32.dll
 0002:000001d8       __imp_UnhandledExceptionFilter 000000018014d1d8     kernel32:KERNEL32.dll
 0002:000001e0       __imp_SetUnhandledExceptionFilter 000000018014d1e0     kernel32:KERNEL32.dll
 0002:000001e8       __imp_GetCurrentProcess    000000018014d1e8     kernel32:KERNEL32.dll
 0002:000001f0       __imp_TerminateProcess     000000018014d1f0     kernel32:KERNEL32.dll
 0002:000001f8       __imp_IsProcessorFeaturePresent 000000018014d1f8     kernel32:KERNEL32.dll
 0002:00000200       __imp_IsDebuggerPresent    000000018014d200     kernel32:KERNEL32.dll
 0002:00000208       __imp_GetStartupInfoW      000000018014d208     kernel32:KERNEL32.dll
 0002:00000210       __imp_QueryPerformanceCounter 000000018014d210     kernel32:KERNEL32.dll
 0002:00000218       __imp_GetCurrentProcessId  000000018014d218     kernel32:KERNEL32.dll
 0002:00000220       __imp_GetCurrentThreadId   000000018014d220     kernel32:KERNEL32.dll
 0002:00000228       __imp_GetSystemTimeAsFileTime 000000018014d228     kernel32:KERNEL32.dll
 0002:00000230       __imp_InitializeSListHead  000000018014d230     kernel32:KERNEL32.dll
 0002:00000238       __imp_OutputDebugStringW   000000018014d238     kernel32:KERNEL32.dll
 0002:00000240       __imp_RtlUnwindEx          000000018014d240     kernel32:KERNEL32.dll
 0002:00000248       __imp_InitializeCriticalSectionAndSpinCount 000000018014d248     kernel32:KERNEL32.dll
 0002:00000250       __imp_TlsAlloc             000000018014d250     kernel32:KERNEL32.dll
 0002:00000258       __imp_TlsGetValue          000000018014d258     kernel32:KERNEL32.dll
 0002:00000260       __imp_TlsSetValue          000000018014d260     kernel32:KERNEL32.dll
 0002:00000268       __imp_TlsFree              000000018014d268     kernel32:KERNEL32.dll
 0002:00000270       __imp_FreeLibrary          000000018014d270     kernel32:KERNEL32.dll
 0002:00000278       __imp_LoadLibraryExW       000000018014d278     kernel32:KERNEL32.dll
 0002:00000280       __imp_InterlockedFlushSList 000000018014d280     kernel32:KERNEL32.dll
 0002:00000288       __imp_SetLastError         000000018014d288     kernel32:KERNEL32.dll
 0002:00000290       __imp_GetSystemInfo        000000018014d290     kernel32:KERNEL32.dll
 0002:00000298       __imp_VirtualAlloc         000000018014d298     kernel32:KERNEL32.dll
 0002:000002a0       __imp_VirtualProtect       000000018014d2a0     kernel32:KERNEL32.dll
 0002:000002a8       __imp_VirtualQuery         000000018014d2a8     kernel32:KERNEL32.dll
 0002:000002b0       __imp_ExitProcess          000000018014d2b0     kernel32:KERNEL32.dll
 0002:000002b8       __imp_GetModuleHandleExW   000000018014d2b8     kernel32:KERNEL32.dll
 0002:000002c0       __imp_GetModuleFileNameA   000000018014d2c0     kernel32:KERNEL32.dll
 0002:000002c8       __imp_WideCharToMultiByte  000000018014d2c8     kernel32:KERNEL32.dll
 0002:000002d0       __imp_GetACP               000000018014d2d0     kernel32:KERNEL32.dll
 0002:000002d8       __imp_GetStdHandle         000000018014d2d8     kernel32:KERNEL32.dll
 0002:000002e0       __imp_LoadLibraryExA       000000018014d2e0     kernel32:KERNEL32.dll
 0002:000002e8       \177KERNEL32_NULL_THUNK_DATA 000000018014d2e8     kernel32:KERNEL32.dll
 0002:000002f0       __imp_ShellExecuteA        000000018014d2f0     shell32:SHELL32.dll
 0002:000002f8       \177SHELL32_NULL_THUNK_DATA 000000018014d2f8     shell32:SHELL32.dll
 0002:00000300       __imp_PathFindExtensionA   000000018014d300     shlwapi:SHLWAPI.dll
 0002:00000308       __imp_PathFindExtensionW   000000018014d308     shlwapi:SHLWAPI.dll
 0002:00000310       \177SHLWAPI_NULL_THUNK_DATA 000000018014d310     shlwapi:SHLWAPI.dll
 0002:00000318       __imp_GetCursorPos         000000018014d318     user32:USER32.dll
 0002:00000320       __imp_PtInRect             000000018014d320     user32:USER32.dll
 0002:00000328       __imp_mouse_event          000000018014d328     user32:USER32.dll
 0002:00000330       __imp_MessageBoxA          000000018014d330     user32:USER32.dll
 0002:00000338       __imp_GetDesktopWindow     000000018014d338     user32:USER32.dll
 0002:00000340       __imp_FindWindowA          000000018014d340     user32:USER32.dll
 0002:00000348       __imp_SetCursorPos         000000018014d348     user32:USER32.dll
 0002:00000350       __imp_GetWindowDC          000000018014d350     user32:USER32.dll
 0002:00000358       __imp_ReleaseDC            000000018014d358     user32:USER32.dll
 0002:00000360       __imp_WindowFromPoint      000000018014d360     user32:USER32.dll
 0002:00000368       __imp_GetWindow            000000018014d368     user32:USER32.dll
 0002:00000370       __imp_GetWindowRect        000000018014d370     user32:USER32.dll
 0002:00000378       __imp_keybd_event          000000018014d378     user32:USER32.dll
 0002:00000380       __imp_SwitchToThisWindow   000000018014d380     user32:USER32.dll
 0002:00000388       \177USER32_NULL_THUNK_DATA 000000018014d388     user32:USER32.dll
 0002:00000390       __imp_GdipSaveImageToFile  000000018014d390     gdiplus:gdiplus.dll
 0002:00000398       __imp_GdipCreateBitmapFromScan0 000000018014d398     gdiplus:gdiplus.dll
 0002:000003a0       __imp_GdipGetImageEncodersSize 000000018014d3a0     gdiplus:gdiplus.dll
 0002:000003a8       __imp_GdipDisposeImage     000000018014d3a8     gdiplus:gdiplus.dll
 0002:000003b0       __imp_GdipCreateBitmapFromHBITMAP 000000018014d3b0     gdiplus:gdiplus.dll
 0002:000003b8       __imp_GdipGetImageEncoders 000000018014d3b8     gdiplus:gdiplus.dll
 0002:000003c0       __imp_GdiplusShutdown      000000018014d3c0     gdiplus:gdiplus.dll
 0002:000003c8       __imp_GdiplusStartup       000000018014d3c8     gdiplus:gdiplus.dll
 0002:000003d0       \177gdiplus_NULL_THUNK_DATA 000000018014d3d0     gdiplus:gdiplus.dll
 0002:000003d8       __guard_check_icall_fptr   000000018014d3d8     LIBCMT:guard_support.obj
 0002:000003e0       __guard_dispatch_icall_fptr 000000018014d3e0     LIBCMT:guard_support.obj
 0002:000003e8       __guard_ss_verify_failure_fptr 000000018014d3e8     LIBCMT:guard_support.obj
 0002:000003f0       __guard_ss_verify_sp_fptr  000000018014d3f0     LIBCMT:guard_support.obj
 0002:000003f8       __xc_a                     000000018014d3f8     LIBCMT:initializers.obj
 0002:00000408       _register_addon_           000000018014d408     ayeer_api.obj
 0002:00000418       __xc_z                     000000018014d418     LIBCMT:initializers.obj
 0002:00000420       __xi_a                     000000018014d420     LIBCMT:initializers.obj
 0002:00000430       __acrt_stdio_initializer   000000018014d430     libucrt:stdio_initializer.obj
 0002:00000438       __acrt_multibyte_initializer 000000018014d438     libucrt:multibyte_initializer.obj
 0002:00000440       __acrt_tran_fma3_initializer 000000018014d440     libucrt:fma3_initializer.obj
 0002:00000448       __xi_z                     000000018014d448     LIBCMT:initializers.obj
 0002:00000450       __xl_a                     000000018014d450     LIBCMT:tlssup.obj
 0002:00000458       __xl_z                     000000018014d458     LIBCMT:tlssup.obj
 0002:00000460       __xp_a                     000000018014d460     LIBCMT:initializers.obj
 0002:00000468       __acrt_locale_terminator   000000018014d468     libucrt:locale_initializer.obj
 0002:00000470       __dcrt_console_output_terminator 000000018014d470     libucrt:console_output_initializer.obj
 0002:00000478       __acrt_stdio_terminator    000000018014d478     libucrt:stdio_initializer.obj
 0002:00000480       __xp_z                     000000018014d480     LIBCMT:initializers.obj
 0002:00000488       __xt_a                     000000018014d488     LIBCMT:initializers.obj
 0002:00000490       __xt_z                     000000018014d490     LIBCMT:initializers.obj
 0002:000004a0       GUID_NULL                  000000018014d4a0     uuid:cguid_i.obj
 0002:000004b0       __sz_node_exe              000000018014d4b0     node:node.exe
 0002:000004c0       ??_C@_1EC@JIJBPKFM@?$AAa?$AAp?$AAi?$AA?9?$AAm?$AAs?$AA?9?$AAw?$AAi?$AAn?$AA?9?$AAc?$AAo?$AAr?$AAe?$AA?9?$AAs?$AAy?$AAn?$AAc?$AAh?$AA?9?$AAl?$AA1?$AA?9?$AA2?$AA?9?$AA0?$AA?4?$AAd?$AAl?$AAl@ 000000018014d4c0     LIBCMT:thread_safe_statics.obj
 0002:00000508       ??_C@_1BK@MGMFAEKH@?$AAk?$AAe?$AAr?$AAn?$AAe?$AAl?$AA3?$AA2?$AA?4?$AAd?$AAl?$AAl?$AA?$AA@ 000000018014d508     LIBCMT:thread_safe_statics.obj
 0002:00000528       ??_C@_0BM@HLJJNPAH@InitializeConditionVariable?$AA@ 000000018014d528     LIBCMT:thread_safe_statics.obj
 0002:00000548       ??_C@_0BJ@JEBJOJFJ@SleepConditionVariableCS?$AA@ 000000018014d548     LIBCMT:thread_safe_statics.obj
 0002:00000568       ??_C@_0BJ@PGPPEPCC@WakeAllConditionVariable?$AA@ 000000018014d568     LIBCMT:thread_safe_statics.obj
 0002:00000588       _pDefaultRawDllMain        000000018014d588     LIBCMT:dll_dllmain.obj
 0002:00000588       _pRawDllMain               000000018014d588     LIBCMT:dll_dllmain.obj
 0002:000005a0       GUID_ATLVer110             000000018014d5a0     atls:atlbase.obj
 0002:000005b0       ??_C@_1IC@ONKHOIDK@?$AAE?$AAR?$AAR?$AAO?$AAR?$AA?5?$AA?3?$AA?5?$AAU?$AAn?$AAa?$AAb?$AAl?$AAe?$AA?5?$AAt?$AAo?$AA?5?$AAi?$AAn?$AAi?$AAt?$AAi?$AAa?$AAl?$AAi?$AAz?$AAe?$AA?5?$AAc?$AAr?$AAi@ 000000018014d5b0     atls:atlbase.obj
 0002:00000650       ??_C@_1DM@KHCHBNEB@?$AAa?$AAp?$AAi?$AA?9?$AAm?$AAs?$AA?9?$AAw?$AAi?$AAn?$AA?9?$AAc?$AAo?$AAr?$AAe?$AA?9?$AAf?$AAi?$AAb?$AAe?$AAr?$AAs?$AA?9?$AAl?$AA1?$AA?9?$AA1?$AA?9?$AA1?$AA?$AA@ 000000018014d650     libvcruntime:winapi_downlevel.obj
 0002:00000690       ??_C@_1DK@LPPGFMPP@?$AAa?$AAp?$AAi?$AA?9?$AAm?$AAs?$AA?9?$AAw?$AAi?$AAn?$AA?9?$AAc?$AAo?$AAr?$AAe?$AA?9?$AAs?$AAy?$AAn?$AAc?$AAh?$AA?9?$AAl?$AA1?$AA?9?$AA2?$AA?9?$AA0?$AA?$AA@ 000000018014d690     libvcruntime:winapi_downlevel.obj
 0002:000006d0       ??_C@_1BC@GDMECMAK@?$AAk?$AAe?$AAr?$AAn?$AAe?$AAl?$AA3?$AA2?$AA?$AA@ 000000018014d6d0     libvcruntime:winapi_downlevel.obj
 0002:000006e8       ??_C@_1BA@PFFKHIOG@?$AAa?$AAp?$AAi?$AA?9?$AAm?$AAs?$AA?9?$AA?$AA@ 000000018014d6e8     libvcruntime:winapi_downlevel.obj
 0002:000006f8       ??_C@_1BA@IAIFMGEF@?$AAe?$AAx?$AAt?$AA?9?$AAm?$AAs?$AA?9?$AA?$AA@ 000000018014d6f8     libvcruntime:winapi_downlevel.obj
 0002:00000710       ??_C@_08KNHFBNJ@FlsAlloc?$AA@ 000000018014d710     libvcruntime:winapi_downlevel.obj
 0002:00000728       ??_C@_07PEJMOBNF@FlsFree?$AA@ 000000018014d728     libvcruntime:winapi_downlevel.obj
 0002:00000738       ??_C@_0M@GDNOONDI@FlsGetValue?$AA@ 000000018014d738     libvcruntime:winapi_downlevel.obj
 0002:00000750       ??_C@_0M@JCPCPOEF@FlsSetValue?$AA@ 000000018014d750     libvcruntime:winapi_downlevel.obj
 0002:00000768       ??_C@_0BM@HCFOFFN@InitializeCriticalSectionEx?$AA@ 000000018014d768     libvcruntime:winapi_downlevel.obj
 0002:00000ab8       ??_C@_08EHJDFFNH@__based?$CI?$AA@ 000000018014dab8     libvcruntime:undname.obj
 0002:00000ac8       ??_C@_07KOLFKCDI@__cdecl?$AA@ 000000018014dac8     libvcruntime:undname.obj
 0002:00000ad0       ??_C@_08GHMPAG@__pascal?$AA@ 000000018014dad0     libvcruntime:undname.obj
 0002:00000ae0       ??_C@_09IFJBGAPI@__stdcall?$AA@ 000000018014dae0     libvcruntime:undname.obj
 0002:00000af0       ??_C@_0L@NPHFGOKO@__thiscall?$AA@ 000000018014daf0     libvcruntime:undname.obj
 0002:00000b00       ??_C@_0L@JMKHOMEK@__fastcall?$AA@ 000000018014db00     libvcruntime:undname.obj
 0002:00000b10       ??_C@_0N@BCKKPABJ@__vectorcall?$AA@ 000000018014db10     libvcruntime:undname.obj
 0002:00000b20       ??_C@_09HIJEGCPM@__clrcall?$AA@ 000000018014db20     libvcruntime:undname.obj
 0002:00000b2c       ??_C@_06GHPCKEAG@__eabi?$AA@ 000000018014db2c     libvcruntime:undname.obj
 0002:00000b38       ??_C@_07JOMMBBKO@__ptr64?$AA@ 000000018014db38     libvcruntime:undname.obj
 0002:00000b40       ??_C@_0L@PILCLIHE@__restrict?$AA@ 000000018014db40     libvcruntime:undname.obj
 0002:00000b50       ??_C@_0M@GFIIJFMG@__unaligned?$AA@ 000000018014db50     libvcruntime:undname.obj
 0002:00000b60       ??_C@_09DHDLOLLB@restrict?$CI?$AA@ 000000018014db60     libvcruntime:undname.obj
 0002:00000b6c       ??_C@_04NIHEBCM@?5new?$AA@ 000000018014db6c     libvcruntime:undname.obj
 0002:00000b78       ??_C@_07FPCDHGMM@?5delete?$AA@ 000000018014db78     libvcruntime:undname.obj
 0002:00000b80       ??_C@_01NEMOKFLO@?$DN?$AA@ 000000018014db80     libvcruntime:undname.obj
 0002:00000b84       ??_C@_02GPIOPFAK@?$DO?$DO?$AA@ 000000018014db84     libvcruntime:undname.obj
 0002:00000b88       ??_C@_02FODMEDOG@?$DM?$DM?$AA@ 000000018014db88     libvcruntime:undname.obj
 0002:00000b8c       ??_C@_01DCLJPIOD@?$CB?$AA@ 000000018014db8c     libvcruntime:undname.obj
 0002:00000b90       ??_C@_02EGOFBIJA@?$DN?$DN?$AA@ 000000018014db90     libvcruntime:undname.obj
 0002:00000b94       ??_C@_02FDNJECIE@?$CB?$DN?$AA@ 000000018014db94     libvcruntime:undname.obj
 0002:00000b98       ??_C@_08LHJFAFGD@operator?$AA@ 000000018014db98     libvcruntime:undname.obj
 0002:00000ba4       ??_C@_02HBOOOICD@?9?$DO?$AA@ 000000018014dba4     libvcruntime:undname.obj
 0002:00000ba8       ??_C@_01NBENCBCI@?$CK?$AA@ 000000018014dba8     libvcruntime:undname.obj
 0002:00000bac       ??_C@_02ECNGHCIF@?$CL?$CL?$AA@ 000000018014dbac     libvcruntime:undname.obj
 0002:00000bb0       ??_C@_02BAABKJLB@?9?9?$AA@ 000000018014dbb0     libvcruntime:undname.obj
 0002:00000bb4       ??_C@_01JOAMLHOP@?9?$AA@   000000018014dbb4     libvcruntime:undname.obj
 0002:00000bb8       ??_C@_01MIFGBAGJ@?$CL?$AA@ 000000018014dbb8     libvcruntime:undname.obj
 0002:00000bbc       ??_C@_01HNPIGOCE@?$CG?$AA@ 000000018014dbbc     libvcruntime:undname.obj
 0002:00000bc0       ??_C@_03MNHNFDLC@?9?$DO?$CK?$AA@ 000000018014dbc0     libvcruntime:undname.obj
 0002:00000bc4       ??_C@_01KMDKNFGN@?1?$AA@   000000018014dbc4     libvcruntime:undname.obj
 0002:00000bc8       ??_C@_01FGNFDNOH@?$CF?$AA@ 000000018014dbc8     libvcruntime:undname.obj
 0002:00000bcc       ??_C@_01MNNFJEPP@?$DM?$AA@ 000000018014dbcc     libvcruntime:undname.obj
 0002:00000bd0       ??_C@_02EHCHHCKH@?$DM?$DN?$AA@ 000000018014dbd0     libvcruntime:undname.obj
 0002:00000bd4       ??_C@_01PPODPGHN@?$DO?$AA@ 000000018014dbd4     libvcruntime:undname.obj
 0002:00000bd8       ??_C@_02EEKDKGMJ@?$DO?$DN?$AA@ 000000018014dbd8     libvcruntime:undname.obj
 0002:00000bdc       ??_C@_01IHBHIGKO@?0?$AA@   000000018014dbdc     libvcruntime:undname.obj
 0002:00000be0       ??_C@_02HCKGKOFO@?$CI?$CJ?$AA@ 000000018014dbe0     libvcruntime:undname.obj
 0002:00000be4       ??_C@_01PJKLJHI@?$HO?$AA@  000000018014dbe4     libvcruntime:undname.obj
 0002:00000be8       ??_C@_01JKBOJNNK@?$FO?$AA@ 000000018014dbe8     libvcruntime:undname.obj
 0002:00000bec       ??_C@_01DNKMNLPK@?$HM?$AA@ 000000018014dbec     libvcruntime:undname.obj
 0002:00000bf0       ??_C@_02PPKAJPJL@?$CG?$CG?$AA@ 000000018014dbf0     libvcruntime:undname.obj
 0002:00000bf4       ??_C@_02NONPIBCD@?$HM?$HM?$AA@ 000000018014dbf4     libvcruntime:undname.obj
 0002:00000bf8       ??_C@_02FPIMKNGF@?$CK?$DN?$AA@ 000000018014dbf8     libvcruntime:undname.obj
 0002:00000bfc       ??_C@_02FOEOMHFC@?$CL?$DN?$AA@ 000000018014dbfc     libvcruntime:undname.obj
 0002:00000c00       ??_C@_02FKMDLLOA@?9?$DN?$AA@ 000000018014dc00     libvcruntime:undname.obj
 0002:00000c04       ??_C@_02FJEHGPIO@?1?$DN?$AA@ 000000018014dc04     libvcruntime:undname.obj
 0002:00000c08       ??_C@_02FENAOKFI@?$CF?$DN?$AA@ 000000018014dc08     libvcruntime:undname.obj
 0002:00000c0c       ??_C@_03IKFCCPFF@?$DO?$DO?$DN?$AA@ 000000018014dc0c     libvcruntime:undname.obj
 0002:00000c10       ??_C@_03CDNPDDLA@?$DM?$DM?$DN?$AA@ 000000018014dc10     libvcruntime:undname.obj
 0002:00000c14       ??_C@_02FGJGFEAB@?$CG?$DN?$AA@ 000000018014dc14     libvcruntime:undname.obj
 0002:00000c18       ??_C@_02DHLNPPGH@?$HM?$DN?$AA@ 000000018014dc18     libvcruntime:undname.obj
 0002:00000c1c       ??_C@_02MHEGNOJ@?$FO?$DN?$AA@ 000000018014dc1c     libvcruntime:undname.obj
 0002:00000c20       ??_C@_09IFPLHPGF@?$GAvftable?8?$AA@ 000000018014dc20     libvcruntime:undname.obj
 0002:00000c30       ??_C@_09BLBHBJP@?$GAvbtable?8?$AA@ 000000018014dc30     libvcruntime:undname.obj
 0002:00000c40       ??_C@_07FEEIOKP@?$GAvcall?8?$AA@ 000000018014dc40     libvcruntime:undname.obj
 0002:00000c48       ??_C@_08LLFFHHDJ@?$GAtypeof?8?$AA@ 000000018014dc48     libvcruntime:undname.obj
 0002:00000c58       ??_C@_0BF@KDPPACIK@?$GAlocal?5static?5guard?8?$AA@ 000000018014dc58     libvcruntime:undname.obj
 0002:00000c70       ??_C@_08OBABFOLI@?$GAstring?8?$AA@ 000000018014dc70     libvcruntime:undname.obj
 0002:00000c80       ??_C@_0BD@JDLKDPAB@?$GAvbase?5destructor?8?$AA@ 000000018014dc80     libvcruntime:undname.obj
 0002:00000c98       ??_C@_0BN@DEGPLNFK@?$GAvector?5deleting?5destructor?8?$AA@ 000000018014dc98     libvcruntime:undname.obj
 0002:00000cb8       ??_C@_0BO@OBMKPJIG@?$GAdefault?5constructor?5closure?8?$AA@ 000000018014dcb8     libvcruntime:undname.obj
 0002:00000cd8       ??_C@_0BN@IMDCHIKM@?$GAscalar?5deleting?5destructor?8?$AA@ 000000018014dcd8     libvcruntime:undname.obj
 0002:00000cf8       ??_C@_0BO@PFGOCPJJ@?$GAvector?5constructor?5iterator?8?$AA@ 000000018014dcf8     libvcruntime:undname.obj
 0002:00000d18       ??_C@_0BN@LFPFMEDL@?$GAvector?5destructor?5iterator?8?$AA@ 000000018014dd18     libvcruntime:undname.obj
 0002:00000d38       ??_C@_0CE@IKBNEHA@?$GAvector?5vbase?5constructor?5iterat@ 000000018014dd38     libvcruntime:undname.obj
 0002:00000d60       ??_C@_0BL@NILFHHPC@?$GAvirtual?5displacement?5map?8?$AA@ 000000018014dd60     libvcruntime:undname.obj
 0002:00000d80       ??_C@_0CB@JONCMFFK@?$GAeh?5vector?5constructor?5iterator?8@ 000000018014dd80     libvcruntime:undname.obj
 0002:00000da8       ??_C@_0CA@GCEOPDGL@?$GAeh?5vector?5destructor?5iterator?8?$AA@ 000000018014dda8     libvcruntime:undname.obj
 0002:00000dc8       ??_C@_0CH@OOJPLCPH@?$GAeh?5vector?5vbase?5constructor?5ite@ 000000018014ddc8     libvcruntime:undname.obj
 0002:00000df0       ??_C@_0BL@LLKPOHJI@?$GAcopy?5constructor?5closure?8?$AA@ 000000018014ddf0     libvcruntime:undname.obj
 0002:00000e10       ??_C@_0BA@KBCDOMBN@?$GAudt?5returning?8?$AA@ 000000018014de10     libvcruntime:undname.obj
 0002:00000e20       ??_C@_03KLGMFNMG@?$GAEH?$AA@ 000000018014de20     libvcruntime:undname.obj
 0002:00000e24       ??_C@_05KHLCHHI@?$GARTTI?$AA@ 000000018014de24     libvcruntime:undname.obj
 0002:00000e30       ??_C@_0BA@KKLDJDLB@?$GAlocal?5vftable?8?$AA@ 000000018014de30     libvcruntime:undname.obj
 0002:00000e40       ??_C@_0CE@IIHCMGGL@?$GAlocal?5vftable?5constructor?5closu@ 000000018014de40     libvcruntime:undname.obj
 0002:00000e64       ??_C@_06FHBGPFGH@?5new?$FL?$FN?$AA@ 000000018014de64     libvcruntime:undname.obj
 0002:00000e70       ??_C@_09LBNFPBCA@?5delete?$FL?$FN?$AA@ 000000018014de70     libvcruntime:undname.obj
 0002:00000e80       ??_C@_0P@HJKNJFNN@?$GAomni?5callsig?8?$AA@ 000000018014de80     libvcruntime:undname.obj
 0002:00000e90       ??_C@_0BL@CNOONJFP@?$GAplacement?5delete?5closure?8?$AA@ 000000018014de90     libvcruntime:undname.obj
 0002:00000eb0       ??_C@_0BN@CKNJLHMB@?$GAplacement?5delete?$FL?$FN?5closure?8?$AA@ 000000018014deb0     libvcruntime:undname.obj
 0002:00000ed0       ??_C@_0CG@CFDHKGGD@?$GAmanaged?5vector?5constructor?5iter@ 000000018014ded0     libvcruntime:undname.obj
 0002:00000ef8       ??_C@_0CF@IMGKMJNO@?$GAmanaged?5vector?5destructor?5itera@ 000000018014def8     libvcruntime:undname.obj
 0002:00000f20       ??_C@_0CG@HLDDJMAG@?$GAeh?5vector?5copy?5constructor?5iter@ 000000018014df20     libvcruntime:undname.obj
 0002:00000f48       ??_C@_0CM@FCBBDIGB@?$GAeh?5vector?5vbase?5copy?5constructo@ 000000018014df48     libvcruntime:undname.obj
 0002:00000f78       ??_C@_0BL@CLIPGLGB@?$GAdynamic?5initializer?5for?5?8?$AA@ 000000018014df78     libvcruntime:undname.obj
 0002:00000f98       ??_C@_0CB@PDBIFEP@?$GAdynamic?5atexit?5destructor?5for?5?8@ 000000018014df98     libvcruntime:undname.obj
 0002:00000fc0       ??_C@_0CD@CGAJBKEJ@?$GAvector?5copy?5constructor?5iterato@ 000000018014dfc0     libvcruntime:undname.obj
 0002:00000fe8       ??_C@_0CJ@GJELGAMM@?$GAvector?5vbase?5copy?5constructor?5i@ 000000018014dfe8     libvcruntime:undname.obj
 0002:00001018       ??_C@_0CL@FGIJHLCE@?$GAmanaged?5vector?5copy?5constructor@ 000000018014e018     libvcruntime:undname.obj
 0002:00001048       ??_C@_0BM@PMGGMLDN@?$GAlocal?5static?5thread?5guard?8?$AA@ 000000018014e048     libvcruntime:undname.obj
 0002:00001068       ??_C@_0N@BDNMDMOL@operator?5?$CC?$CC?5?$AA@ 000000018014e068     libvcruntime:undname.obj
 0002:00001078       ??_C@_0BC@GGEBGALA@operator?5co_await?$AA@ 000000018014e078     libvcruntime:undname.obj
 0002:00001090       ??_C@_0BC@DAFEJGAK@?5Type?5Descriptor?8?$AA@ 000000018014e090     libvcruntime:undname.obj
 0002:000010a8       ??_C@_0BM@LDKODKLH@?5Base?5Class?5Descriptor?5at?5?$CI?$AA@ 000000018014e0a8     libvcruntime:undname.obj
 0002:000010c8       ??_C@_0BD@LGICGFMM@?5Base?5Class?5Array?8?$AA@ 000000018014e0c8     libvcruntime:undname.obj
 0002:000010e0       ??_C@_0BN@MECKDCOJ@?5Class?5Hierarchy?5Descriptor?8?$AA@ 000000018014e0e0     libvcruntime:undname.obj
 0002:00001100       ??_C@_0BK@CFCOFLF@?5Complete?5Object?5Locator?8?$AA@ 000000018014e100     libvcruntime:undname.obj
 0002:00001120       standard_lookup_table      000000018014e120     libucrt:output.obj
 0002:00001180       ??_C@_1O@CEDCILHN@?$AA?$CI?$AAn?$AAu?$AAl?$AAl?$AA?$CJ?$AA?$AA@ 000000018014e180     libucrt:output.obj
 0002:00001190       ??_C@_06OJHGLDPL@?$CInull?$CJ?$AA@ 000000018014e190     libucrt:output.obj
 0002:00001300       __acrt_exception_action_table 000000018014e300     libucrt:exception_filter.obj
 0002:000013c0       __acrt_signal_action_table_count 000000018014e3c0     libucrt:exception_filter.obj
 0002:000013c8       __acrt_signal_action_first_fpe_index 000000018014e3c8     libucrt:exception_filter.obj
 0002:000013d0       __acrt_signal_action_fpe_count 000000018014e3d0     libucrt:exception_filter.obj
 0002:000013d8       ??_C@_1BI@BGOHAHKC@?$AAm?$AAs?$AAc?$AAo?$AAr?$AAe?$AAe?$AA?4?$AAd?$AAl?$AAl?$AA?$AA@ 000000018014e3d8     libucrt:exit.obj
 0002:000013f0       ??_C@_0P@MIGLKIOC@CorExitProcess?$AA@ 000000018014e3f0     libucrt:exit.obj
 0002:00001500       ??_C@_03OEIAHPBN@INF?$AA@  000000018014e500     libucrt:cvt.obj
 0002:00001504       ??_C@_03OJHLLCGB@inf?$AA@  000000018014e504     libucrt:cvt.obj
 0002:00001508       ??_C@_03LKNCIKJB@NAN?$AA@  000000018014e508     libucrt:cvt.obj
 0002:0000150c       ??_C@_03LHCJEHON@nan?$AA@  000000018014e50c     libucrt:cvt.obj
 0002:00001510       ??_C@_09OFJJIMPC@NAN?$CISNAN?$CJ?$AA@ 000000018014e510     libucrt:cvt.obj
 0002:00001520       ??_C@_09IPFBKMDL@nan?$CIsnan?$CJ?$AA@ 000000018014e520     libucrt:cvt.obj
 0002:00001530       ??_C@_08IKHNHAJ@NAN?$CIIND?$CJ?$AA@ 000000018014e530     libucrt:cvt.obj
 0002:00001540       ??_C@_08OFCDMILK@nan?$CIind?$CJ?$AA@ 000000018014e540     libucrt:cvt.obj
 0002:0000154c       ??_C@_05KLBDPFGC@e?$CL000?$AA@ 000000018014e54c     libucrt:cvt.obj
 0002:00001560       __lc_time_c                000000018014e560     libucrt:nlsdata.obj
 0002:00001820       ??_C@_03KOEHGMDN@Sun?$AA@  000000018014e820     libucrt:nlsdata.obj
 0002:00001824       ??_C@_03PDAGKDH@Mon?$AA@   000000018014e824     libucrt:nlsdata.obj
 0002:00001828       ??_C@_03NAGEINEP@Tue?$AA@  000000018014e828     libucrt:nlsdata.obj
 0002:0000182c       ??_C@_03MHOMLAJA@Wed?$AA@  000000018014e82c     libucrt:nlsdata.obj
 0002:00001830       ??_C@_03IOFIKPDN@Thu?$AA@  000000018014e830     libucrt:nlsdata.obj
 0002:00001834       ??_C@_03IDIOELNC@Fri?$AA@  000000018014e834     libucrt:nlsdata.obj
 0002:00001838       ??_C@_03FEFJNEK@Sat?$AA@   000000018014e838     libucrt:nlsdata.obj
 0002:0000183c       ??_C@_06OOPIFAJ@Sunday?$AA@ 000000018014e83c     libucrt:nlsdata.obj
 0002:00001844       ??_C@_06JLEDEDGH@Monday?$AA@ 000000018014e844     libucrt:nlsdata.obj
 0002:00001850       ??_C@_07BAAGCFCM@Tuesday?$AA@ 000000018014e850     libucrt:nlsdata.obj
 0002:00001858       ??_C@_09DLIGFAKA@Wednesday?$AA@ 000000018014e858     libucrt:nlsdata.obj
 0002:00001868       ??_C@_08HACCIKIA@Thursday?$AA@ 000000018014e868     libucrt:nlsdata.obj
 0002:00001874       ??_C@_06JECMNKMI@Friday?$AA@ 000000018014e874     libucrt:nlsdata.obj
 0002:00001880       ??_C@_08INBOOONO@Saturday?$AA@ 000000018014e880     libucrt:nlsdata.obj
 0002:0000188c       ??_C@_03JIHJHPIE@Jan?$AA@  000000018014e88c     libucrt:nlsdata.obj
 0002:00001890       ??_C@_03HJBDCHOM@Feb?$AA@  000000018014e890     libucrt:nlsdata.obj
 0002:00001894       ??_C@_03ODNJBKGA@Mar?$AA@  000000018014e894     libucrt:nlsdata.obj
 0002:00001898       ??_C@_03LEOLGMJP@Apr?$AA@  000000018014e898     libucrt:nlsdata.obj
 0002:0000189c       ??_C@_03CNMDKL@May?$AA@    000000018014e89c     libucrt:nlsdata.obj
 0002:000018a0       ??_C@_03IDFGHECI@Jun?$AA@  000000018014e8a0     libucrt:nlsdata.obj
 0002:000018a4       ??_C@_03LBGABGKK@Jul?$AA@  000000018014e8a4     libucrt:nlsdata.obj
 0002:000018a8       ??_C@_03IFJFEIGA@Aug?$AA@  000000018014e8a8     libucrt:nlsdata.obj
 0002:000018ac       ??_C@_03GGCAPAJC@Sep?$AA@  000000018014e8ac     libucrt:nlsdata.obj
 0002:000018b0       ??_C@_03BMAOKBAD@Oct?$AA@  000000018014e8b0     libucrt:nlsdata.obj
 0002:000018b4       ??_C@_03JPJOFNIA@Nov?$AA@  000000018014e8b4     libucrt:nlsdata.obj
 0002:000018b8       ??_C@_03MKABNOCG@Dec?$AA@  000000018014e8b8     libucrt:nlsdata.obj
 0002:000018c0       ??_C@_07CGJPFGJA@January?$AA@ 000000018014e8c0     libucrt:nlsdata.obj
 0002:000018c8       ??_C@_08GNJGEPFN@February?$AA@ 000000018014e8c8     libucrt:nlsdata.obj
 0002:000018d4       ??_C@_05HPCKOFNC@March?$AA@ 000000018014e8d4     libucrt:nlsdata.obj
 0002:000018dc       ??_C@_05DMJDNLEJ@April?$AA@ 000000018014e8dc     libucrt:nlsdata.obj
 0002:000018e4       ??_C@_04CNLMGBGM@June?$AA@ 000000018014e8e4     libucrt:nlsdata.obj
 0002:000018ec       ??_C@_04MIEPOIFP@July?$AA@ 000000018014e8ec     libucrt:nlsdata.obj
 0002:000018f4       ??_C@_06LBBHFDDG@August?$AA@ 000000018014e8f4     libucrt:nlsdata.obj
 0002:00001900       ??_C@_09BHHEALKD@September?$AA@ 000000018014e900     libucrt:nlsdata.obj
 0002:00001910       ??_C@_07JJNFCEND@October?$AA@ 000000018014e910     libucrt:nlsdata.obj
 0002:00001918       ??_C@_08HCHEGEOA@November?$AA@ 000000018014e918     libucrt:nlsdata.obj
 0002:00001928       ??_C@_08EDHMEBNP@December?$AA@ 000000018014e928     libucrt:nlsdata.obj
 0002:00001934       ??_C@_02DEDBPAFC@AM?$AA@   000000018014e934     libucrt:nlsdata.obj
 0002:00001938       ??_C@_02CJNFDJBF@PM?$AA@   000000018014e938     libucrt:nlsdata.obj
 0002:00001940       ??_C@_08BPBNCDIB@MM?1dd?1yy?$AA@ 000000018014e940     libucrt:nlsdata.obj
 0002:00001950       ??_C@_0BE@CKGJFCPC@dddd?0?5MMMM?5dd?0?5yyyy?$AA@ 000000018014e950     libucrt:nlsdata.obj
 0002:00001968       ??_C@_08JCCMCCIL@HH?3mm?3ss?$AA@ 000000018014e968     libucrt:nlsdata.obj
 0002:00001978       ??_C@_17MBGCMIPB@?$AAS?$AAu?$AAn?$AA?$AA@ 000000018014e978     libucrt:nlsdata.obj
 0002:00001980       ??_C@_17KBOMKBF@?$AAM?$AAo?$AAn?$AA?$AA@ 000000018014e980     libucrt:nlsdata.obj
 0002:00001988       ??_C@_17BMKGEGOJ@?$AAT?$AAu?$AAe?$AA?$AA@ 000000018014e988     libucrt:nlsdata.obj
 0002:00001990       ??_C@_17CJEDCEPE@?$AAW?$AAe?$AAd?$AA?$AA@ 000000018014e990     libucrt:nlsdata.obj
 0002:00001998       ??_C@_17PDPHAADD@?$AAT?$AAh?$AAu?$AA?$AA@ 000000018014e998     libucrt:nlsdata.obj
 0002:000019a0       ??_C@_17HFOLPPLP@?$AAF?$AAr?$AAi?$AA?$AA@ 000000018014e9a0     libucrt:nlsdata.obj
 0002:000019a8       ??_C@_17GGIBDPIH@?$AAS?$AAa?$AAt?$AA?$AA@ 000000018014e9a8     libucrt:nlsdata.obj
 0002:000019b0       ??_C@_1O@IHNHDHPB@?$AAS?$AAu?$AAn?$AAd?$AAa?$AAy?$AA?$AA@ 000000018014e9b0     libucrt:nlsdata.obj
 0002:000019c0       ??_C@_1O@MMNBFLIA@?$AAM?$AAo?$AAn?$AAd?$AAa?$AAy?$AA?$AA@ 000000018014e9c0     libucrt:nlsdata.obj
 0002:000019d0       ??_C@_1BA@ENFBFFEK@?$AAT?$AAu?$AAe?$AAs?$AAd?$AAa?$AAy?$AA?$AA@ 000000018014e9d0     libucrt:nlsdata.obj
 0002:000019e0       ??_C@_1BE@EBOGMDOH@?$AAW?$AAe?$AAd?$AAn?$AAe?$AAs?$AAd?$AAa?$AAy?$AA?$AA@ 000000018014e9e0     libucrt:nlsdata.obj
 0002:000019f8       ??_C@_1BC@HHMNLIHE@?$AAT?$AAh?$AAu?$AAr?$AAs?$AAd?$AAa?$AAy?$AA?$AA@ 000000018014e9f8     libucrt:nlsdata.obj
 0002:00001a10       ??_C@_1O@PDICJHAG@?$AAF?$AAr?$AAi?$AAd?$AAa?$AAy?$AA?$AA@ 000000018014ea10     libucrt:nlsdata.obj
 0002:00001a20       ??_C@_1BC@ENMNNPAJ@?$AAS?$AAa?$AAt?$AAu?$AAr?$AAd?$AAa?$AAy?$AA?$AA@ 000000018014ea20     libucrt:nlsdata.obj
 0002:00001a38       ??_C@_17DKNBKCHM@?$AAJ?$AAa?$AAn?$AA?$AA@ 000000018014ea38     libucrt:nlsdata.obj
 0002:00001a40       ??_C@_17LMDJEKJN@?$AAF?$AAe?$AAb?$AA?$AA@ 000000018014ea40     libucrt:nlsdata.obj
[...]
 0004:00000e64       $pdata$?setmbcp_internal@@YAHH_NQEAU__acrt_ptd@@QEAPEAU__crt_multibyte_data@@@Z 00000001801dee64     libucrt:mbctype.obj
 0004:00000e70       $pdata$?update_thread_multibyte_data_internal@@YAPEAU__crt_multibyte_data@@QEAU__acrt_ptd@@QEAPEAU1@@Z 00000001801dee70     libucrt:mbctype.obj
 0004:00000e7c       $pdata$__acrt_initialize_multibyte 00000001801dee7c     libucrt:mbctype.obj
 0004:00000e88       $pdata$__acrt_update_thread_multibyte_data 00000001801dee88     libucrt:mbctype.obj
 0004:00000e94       $pdata$_setmbcp_nolock     00000001801dee94     libucrt:mbctype.obj
 0004:00000ea0       $pdata$?x_ismbbtype_l@@YAHPEAU__crt_locale_pointers@@IHH@Z 00000001801deea0     libucrt:ismbbyte.obj
 0004:00000eac       $pdata$__acrt_initialize_command_line 00000001801deeac     libucrt:argv_data.obj
 0004:00000eb8       $pdata$__dcrt_get_narrow_environment_from_os 00000001801deeb8     libucrt:get_environment_from_os.obj
 0004:00000ec4       $pdata$__acrt_initialize_heap 00000001801deec4     libucrt:heap_handle.obj
 0004:00000ed0       $pdata$__acrt_execute_initializers 00000001801deed0     libucrt:shared_initialization.obj
 0004:00000edc       $pdata$__acrt_execute_uninitializers 00000001801deedc     libucrt:shared_initialization.obj
 0004:00000ee8       $pdata$_callnewh           00000001801deee8     libucrt:new_handler.obj
 0004:00000ef4       $pdata$_query_new_handler  00000001801deef4     libucrt:new_handler.obj
 0004:00000f00       $pdata$??$?RV<lambda_450d765d439847d4c735a33c368b5fc0>@@AEAV<lambda_44731a7d0e6d81c3e6aa82d741081786>@@V<lambda_601a2a7da3b7a96e9554ac7215c4b07c>@@@?$__crt_seh_guarded_call@P6AXH@Z@@QEAAP6AXH@Z$$QEAV<lambda_450d765d439847d4c735a33c368b5fc0>@@AEAV<lambda_44731a7d0e6d81c3e6aa82d741081786>@@$$QEAV<lambda_601a2a7da3b7a96e9554ac7215c4b07c>@@@Z 00000001801def00     libucrt:signal.obj
 0004:00000f0c       $pdata$__acrt_get_sigabrt_handler 00000001801def0c     libucrt:signal.obj
 0004:00000f18       $pdata$raise               00000001801def18     libucrt:signal.obj
 0004:00000f24       $pdata$??$?RV<lambda_842d9ff0dc9ef11c61343bbaebe7f885>@@AEAV<lambda_c5860995281e5c4ce005b3de8f5874ee>@@V<lambda_d90129c13df834fdcbf8d2b88dafcf2d>@@@?$__crt_seh_guarded_call@X@@QEAAX$$QEAV<lambda_842d9ff0dc9ef11c61343bbaebe7f885>@@AEAV<lambda_c5860995281e5c4ce005b3de8f5874ee>@@$$QEAV<lambda_d90129c13df834fdcbf8d2b88dafcf2d>@@@Z 00000001801def24     libucrt:fflush.obj
 0004:00000f30       $pdata$??$?RV<lambda_886d6c58226a84441f68b9f2b8217b83>@@AEAV<lambda_ab61a845afdef5b7c387490eaf3616ee>@@V<lambda_f7f22ab5edc0698d5f6905b0d3f44752>@@@?$__crt_seh_guarded_call@X@@QEAAX$$QEAV<lambda_886d6c58226a84441f68b9f2b8217b83>@@AEAV<lambda_ab61a845afdef5b7c387490eaf3616ee>@@$$QEAV<lambda_f7f22ab5edc0698d5f6905b0d3f44752>@@@Z 00000001801def30     libucrt:fflush.obj
 0004:00000f3c       $pdata$?common_flush_all@@YAH_N@Z 00000001801def3c     libucrt:fflush.obj
 0004:00000f48       $pdata$__acrt_stdio_flush_nolock 00000001801def48     libucrt:fflush.obj
 0004:00000f54       $pdata$_fflush_nolock      00000001801def54     libucrt:fflush.obj
 0004:00000f60       $pdata$__acrt_free_locale  00000001801def60     libucrt:locale_refcounting.obj
 0004:00000f6c       $pdata$__acrt_locale_free_lc_time_if_unreferenced 00000001801def6c     libucrt:locale_refcounting.obj
 0004:00000f78       $pdata$__acrt_release_locale_ref 00000001801def78     libucrt:locale_refcounting.obj
 0004:00000f84       $pdata$__acrt_update_thread_locale_data 00000001801def84     libucrt:locale_refcounting.obj
 0004:00000f90       $pdata$_updatetlocinfoEx_nolock 00000001801def90     libucrt:locale_refcounting.obj
 0004:00000f9c       $pdata$__acrt_fp_strflt_to_string 00000001801def9c     libucrt:_fptostr.obj
 0004:00000fa8       $pdata$?divide@__crt_strtox@@YA_KAEAUbig_integer@1@AEBU21@@Z 00000001801defa8     libucrt:cfout.obj
 0004:00000fb4       $pdata$5$?divide@__crt_strtox@@YA_KAEAUbig_integer@1@AEBU21@@Z 00000001801defb4     libucrt:cfout.obj
 0004:00000fc0       $pdata$6$?divide@__crt_strtox@@YA_KAEAUbig_integer@1@AEBU21@@Z 00000001801defc0     libucrt:cfout.obj
 0004:00000fcc       $pdata$__acrt_fltout       00000001801defcc     libucrt:cfout.obj
 0004:00000fd8       $pdata$memcpy_s            00000001801defd8     libucrt:cfout.obj
 0004:00000fe4       $pdata$_fcloseall          00000001801defe4     libucrt:closeall.obj
 0004:00000ff0       $pdata$__acrt_stdio_free_buffer_nolock 00000001801deff0     libucrt:_freebuf.obj
 0004:00000ffc       $pdata$_isatty             00000001801deffc     libucrt:isatty.obj
 0004:00001008       $pdata$__acrt_locale_free_monetary 00000001801df008     libucrt:initmon.obj
 0004:00001014       $pdata$__acrt_locale_free_numeric 00000001801df014     libucrt:initnum.obj
 0004:00001020       $pdata$?free_crt_array_internal@@YAXQEAPEBX_K@Z 00000001801df020     libucrt:inittime.obj
 0004:0000102c       $pdata$__acrt_locale_free_time 00000001801df02c     libucrt:inittime.obj
 0004:00001038       $pdata$__acrt_GetStringTypeA 00000001801df038     libucrt:getstringtypea.obj
 0004:00001044       $pdata$__acrt_lowio_create_handle_array 00000001801df044     libucrt:osfinfo.obj
 0004:00001050       $pdata$__acrt_lowio_destroy_handle_array 00000001801df050     libucrt:osfinfo.obj
 0004:0000105c       $pdata$__acrt_lowio_ensure_fh_exists 00000001801df05c     libucrt:osfinfo.obj
 0004:00001068       $pdata$_free_osfhnd        00000001801df068     libucrt:osfinfo.obj
 0004:00001074       $pdata$_get_osfhandle      00000001801df074     libucrt:osfinfo.obj
 0004:00001080       $pdata$?GetTableIndexFromLocaleName@@YAHPEB_W@Z 00000001801df080     libucrt:lcidtoname_downlevel.obj
 0004:0000108c       $pdata$__acrt_DownlevelLocaleNameToLCID 00000001801df08c     libucrt:lcidtoname_downlevel.obj
 0004:00001098       $pdata$__acrt_LCMapStringW 00000001801df098     libucrt:lcmapstringw.obj
 0004:000010a4       $pdata$qsort               00000001801df0a4     libucrt:qsort.obj
 0004:000010b0       $pdata$4$qsort             00000001801df0b0     libucrt:qsort.obj
 0004:000010bc       $pdata$5$qsort             00000001801df0bc     libucrt:qsort.obj
 0004:000010c8       $pdata$strncpy_s           00000001801df0c8     libucrt:strncpy_s.obj
 0004:000010d4       $pdata$fallbackMethod      00000001801df0d4     libucrt:strpbrk.obj
 0004:000010e0       $pdata$strpbrk             00000001801df0e0     libucrt:strpbrk.obj
 0004:000010ec       $pdata$_mbsdec_l           00000001801df0ec     libucrt:mbsdec.obj
 0004:000010f8       $pdata$?initialize_multibyte@@YAHXZ 00000001801df0f8     libucrt:multibyte_initializer.obj
 0004:00001104       $pdata$??$?RV<lambda_a37b2b86f63e897a80ea819b0eb08c01>@@AEAV<lambda_38ce7e780aa69e748d6df282ebc68efe>@@V<lambda_99fb1378e971ab6e7edea83e3a7a83a2>@@@?$__crt_seh_guarded_call@H@@QEAAH$$QEAV<lambda_a37b2b86f63e897a80ea819b0eb08c01>@@AEAV<lambda_38ce7e780aa69e748d6df282ebc68efe>@@$$QEAV<lambda_99fb1378e971ab6e7edea83e3a7a83a2>@@@Z 00000001801df104     libucrt:commit.obj
 0004:00001110       $pdata$_commit             00000001801df110     libucrt:commit.obj
 0004:0000111c       $pdata$?write_double_translated_ansi_nolock@@YA?AUwrite_result@?A0x17268360@@HQEBDI@Z 00000001801df11c     libucrt:write.obj
 0004:00001128       $pdata$?write_text_ansi_nolock@@YA?AUwrite_result@?A0x17268360@@HQEBDI@Z 00000001801df128     libucrt:write.obj
 0004:00001134       $pdata$?write_text_utf16le_nolock@@YA?AUwrite_result@?A0x17268360@@HQEBDI@Z 00000001801df134     libucrt:write.obj
 0004:00001140       $pdata$?write_text_utf8_nolock@@YA?AUwrite_result@?A0x17268360@@HQEBDI@Z 00000001801df140     libucrt:write.obj
 0004:0000114c       $pdata$_write              00000001801df14c     libucrt:write.obj
 0004:00001158       $pdata$_write_nolock       00000001801df158     libucrt:write.obj
 0004:00001164       $pdata$fegetenv            00000001801df164     libucrt:fegetenv.obj
 0004:00001170       $pdata$fesetenv            00000001801df170     libucrt:fesetenv.obj
 0004:0000117c       $pdata$feholdexcept        00000001801df17c     libucrt:feholdexcept.obj
 0004:00001194       $pdata$??$common_lseek_nolock@_J@@YA_JH_JH@Z 00000001801df194     libucrt:lseek.obj
 0004:000011a0       $pdata$_fclose_nolock      00000001801df1a0     libucrt:fclose.obj
 0004:000011ac       $pdata$fclose              00000001801df1ac     libucrt:fclose.obj
 0004:000011b8       $pdata$_putwch_nolock      00000001801df1b8     libucrt:putwch.obj
 0004:000011c4       $pdata$__acrt_fenv_set_control 00000001801df1c4     libucrt:_fenvutils.obj
 0004:000011d0       $pdata$_clearfp            00000001801df1d0     libucrt:ieee.obj
 0004:000011dc       $pdata$_call_matherr       00000001801df1dc     libucrt:libm_error.obj
 0004:000011e8       $pdata$_exception_enabled  00000001801df1e8     libucrt:libm_error.obj
 0004:000011f4       $pdata$_handle_error       00000001801df1f4     libucrt:libm_error.obj
 0004:00001200       $pdata$__acrt_initialize_fma3 00000001801df200     libucrt:fma3_available.obj
 0004:0000120c       $pdata$_log10_special      00000001801df20c     libucrt:log_special.obj
 0004:00001218       $pdata$_log_special_common 00000001801df218     libucrt:log_special.obj
 0004:00001224       $pdata$??$?RV<lambda_751a882b2c74d4b022dec766aa51a29a>@@AEAV<lambda_628dfdc04ba53c8bfc02c9951375f3f5>@@V<lambda_f6c7be5f7998530c34de24c7437d6b54>@@@?$__crt_seh_guarded_call@H@@QEAAH$$QEAV<lambda_751a882b2c74d4b022dec766aa51a29a>@@AEAV<lambda_628dfdc04ba53c8bfc02c9951375f3f5>@@$$QEAV<lambda_f6c7be5f7998530c34de24c7437d6b54>@@@Z 00000001801df224     libucrt:close.obj
 0004:00001230       $pdata$_close              00000001801df230     libucrt:close.obj
 0004:0000123c       $pdata$_close_nolock       00000001801df23c     libucrt:close.obj
 0004:00001248       $pdata$__dcrt_lowio_ensure_console_output_initialized 00000001801df248     libucrt:initcon.obj
 0004:00001254       $pdata$__dcrt_terminate_console_output 00000001801df254     libucrt:initcon.obj
 0004:00001260       $pdata$__dcrt_write_console_w 00000001801df260     libucrt:initcon.obj
 0004:00001278       $pdata$_raise_exc          00000001801df278     libucrt:fpexcept.obj
 0004:00001284       $pdata$_raise_exc_ex       00000001801df284     libucrt:fpexcept.obj
 0004:00001290       $pdata$_set_errno_from_matherr 00000001801df290     libucrt:fpexcept.obj
 0004:0000129c       $pdata$_clrfp              00000001801df29c     libucrt:fpctrl.obj
 0004:000012a8       $pdata$_ctrlfp             00000001801df2a8     libucrt:fpctrl.obj
 0004:000012b4       $pdata$_set_statfp         00000001801df2b4     libucrt:fpctrl.obj
 0004:000012c0       $pdata$_statfp             00000001801df2c0     libucrt:fpctrl.obj
 0004:000012cc       $pdata$?DloadAcquireSectionWriteAccess@@YAXXZ 00000001801df2cc     DelayImp:delayhlp.obj
 0004:000012d8       $pdata$?DloadGetSRWLockFunctionPointers@@YAEXZ 00000001801df2d8     DelayImp:delayhlp.obj
 0004:000012e4       $pdata$?DloadMakePermanentImageCommit@@YAXPEAX_K@Z 00000001801df2e4     DelayImp:delayhlp.obj
 0004:000012f0       $pdata$?DloadObtainSection@@YAPEAXPEAK0@Z 00000001801df2f0     DelayImp:delayhlp.obj
 0004:000012fc       $pdata$?DloadProtectSection@@YAXKPEAK@Z 00000001801df2fc     DelayImp:delayhlp.obj
 0004:00001308       $pdata$?DloadReleaseSectionWriteAccess@@YAXXZ 00000001801df308     DelayImp:delayhlp.obj
 0004:00001314       $pdata$__delayLoadHelper2  00000001801df314     DelayImp:delayhlp.obj
 0004:00001320       $pdata$_IsNonwritableInCurrentImage 00000001801df320     LIBCMT:pesect.obj
 0004:0000132c       $pdata$__GSHandlerCheck    00000001801df32c     LIBCMT:_gshandler_.obj
 0004:00001338       $pdata$__GSHandlerCheckCommon 00000001801df338     LIBCMT:_gshandler_.obj
 0004:00001350       $pdata$strrchr             00000001801df350     libvcruntime:strrchr.obj
 0004:00001368       $pdata$__GSHandlerCheck_SEH 00000001801df368     LIBCMT:_gshandlerseh_.obj
 0004:0000138c       $pdata$_pow_special        00000001801df38c     libucrt:pow_special.obj
 0004:000013d4       $pdata$?filt$0@?0??_AtlVerifyStackAvailable@_ATL_SAFE_ALLOCA_IMPL@ATL@@YA_N_K@Z@4HA 00000001801df3d4     winapi.obj
 0004:000013e0       $pdata$__scrt_is_nonwritable_in_current_image$filt$0 00000001801df3e0     LIBCMT:utility.obj
 0004:000013ec       $pdata$?fin$0@?0??dllmain_crt_process_attach@@YAHQEAUHINSTANCE__@@QEAX@Z@4HA 00000001801df3ec     LIBCMT:dll_dllmain.obj
 0004:000013f8       $pdata$?fin$0@?0??dllmain_crt_process_detach@@YAH_N@Z@4HA 00000001801df3f8     LIBCMT:dll_dllmain.obj
 0004:00001404       $pdata$?filt$0@?0??dllmain_dispatch@@YAHQEAUHINSTANCE__@@KQEAX@Z@4HA 00000001801df404     LIBCMT:dll_dllmain.obj
 0004:00001410       $pdata$?fin$0@?0???$?RV<lambda_f2e299630e499de9f9a165e60fcd3db5>@@AEAV<lambda_2ae9d31cdba2644fcbeaf08da7c24588>@@V<lambda_40d01ff24d0e7b3814fdbdcee8eab3c7>@@@?$__crt_seh_guarded_call@X@@QEAAX$$QEAV<lambda_f2e299630e499de9f9a165e60fcd3db5>@@AEAV<lambda_2ae9d31cdba2644fcbeaf08da7c24588>@@$$QEAV<lambda_40d01ff24d0e7b3814fdbdcee8eab3c7>@@@Z@4HA 00000001801df410     libucrt:per_thread_data.obj
 0004:00001410       $pdata$?fin$0@?0???$?RV<lambda_d80eeec6fff315bfe5c115232f3240e3>@@AEAV<lambda_6e4b09c48022b2350581041d5f6b0c4c>@@V<lambda_2358e3775559c9db80273638284d5e45>@@@?$__crt_seh_guarded_call@X@@QEAAX$$QEAV<lambda_d80eeec6fff315bfe5c115232f3240e3>@@AEAV<lambda_6e4b09c48022b2350581041d5f6b0c4c>@@$$QEAV<lambda_2358e3775559c9db80273638284d5e45>@@@Z@4HA 00000001801df410     libucrt:exit.obj
 0004:00001410       $pdata$?fin$0@?0???$?RV<lambda_7777bce6b2f8c936911f934f8298dc43>@@AEAV<lambda_f03950bc5685219e0bcd2087efbe011e>@@V<lambda_3883c3dff614d5e0c5f61bb1ac94921c>@@@?$__crt_seh_guarded_call@H@@QEAAH$$QEAV<lambda_7777bce6b2f8c936911f934f8298dc43>@@AEAV<lambda_f03950bc5685219e0bcd2087efbe011e>@@$$QEAV<lambda_3883c3dff614d5e0c5f61bb1ac94921c>@@@Z@4HA 00000001801df410     libucrt:onexit.obj
 0004:00001410       $pdata$?fin$0@?0???$?RV<lambda_0ae27a3a962d80f24befdcbee591983d>@@AEAV<lambda_8d0ee55de4b1038c4002e0adecdf1839>@@V<lambda_dc504788e8f1664fe9b84e20bfb512f2>@@@?$__crt_seh_guarded_call@X@@QEAAX$$QEAV<lambda_0ae27a3a962d80f24befdcbee591983d>@@AEAV<lambda_8d0ee55de4b1038c4002e0adecdf1839>@@$$QEAV<lambda_dc504788e8f1664fe9b84e20bfb512f2>@@@Z@4HA 00000001801df410     libucrt:per_thread_data.obj
 0004:00001410       $pdata$?fin$0@?0???$?RV<lambda_2d41944a1d46af3157314b8a01080d33>@@AEAV<lambda_8f455de75cd7d7f24b4096f044d8b9e6>@@V<lambda_aa500f224e6afead328df44964fe2772>@@@?$__crt_seh_guarded_call@X@@QEAAX$$QEAV<lambda_2d41944a1d46af3157314b8a01080d33>@@AEAV<lambda_8f455de75cd7d7f24b4096f044d8b9e6>@@$$QEAV<lambda_aa500f224e6afead328df44964fe2772>@@@Z@4HA 00000001801df410     libucrt:per_thread_data.obj
 0004:00001410       $pdata$?fin$0@?0???$?RV<lambda_efdfa57d1f175319df784efa44bb7b81>@@AEAV<lambda_5f0a4c1567f8adc6734073e5d1e1b35c>@@V<lambda_2e8a7d3640ea6ccb4c2413664c2db6fd>@@@?$__crt_seh_guarded_call@X@@QEAAX$$QEAV<lambda_efdfa57d1f175319df784efa44bb7b81>@@AEAV<lambda_5f0a4c1567f8adc6734073e5d1e1b35c>@@$$QEAV<lambda_2e8a7d3640ea6ccb4c2413664c2db6fd>@@@Z@4HA 00000001801df410     libucrt:mbctype.obj
 0004:00001410       $pdata$?fin$0@?0???$?RV<lambda_aa87e3671a710a21b5dc78c0bdf72e11>@@AEAV<lambda_92619d2358a28f41a33ba319515a20b9>@@V<lambda_6992ecaafeb10aed2b74cb1fae11a551>@@@?$__crt_seh_guarded_call@X@@QEAAX$$QEAV<lambda_aa87e3671a710a21b5dc78c0bdf72e11>@@AEAV<lambda_92619d2358a28f41a33ba319515a20b9>@@$$QEAV<lambda_6992ecaafeb10aed2b74cb1fae11a551>@@@Z@4HA 00000001801df410     libucrt:per_thread_data.obj
 0004:00001410       $pdata$?fin$0@?0???$?RV<lambda_450d765d439847d4c735a33c368b5fc0>@@AEAV<lambda_44731a7d0e6d81c3e6aa82d741081786>@@V<lambda_601a2a7da3b7a96e9554ac7215c4b07c>@@@?$__crt_seh_guarded_call@P6AXH@Z@@QEAAP6AXH@Z$$QEAV<lambda_450d765d439847d4c735a33c368b5fc0>@@AEAV<lambda_44731a7d0e6d81c3e6aa82d741081786>@@$$QEAV<lambda_601a2a7da3b7a96e9554ac7215c4b07c>@@@Z@4HA 00000001801df410     libucrt:signal.obj
 0004:00001410       $pdata$?fin$0@?0???$?RV<lambda_8369fcb7c4df1e85de37618bd2b85f07>@@AEAV<lambda_a10e4b102d4a2c3aac6f4f48bbdf488f>@@V<lambda_5b7707bd6d7a0c4713179f36c7fd995d>@@@?$__crt_seh_guarded_call@H@@QEAAH$$QEAV<lambda_8369fcb7c4df1e85de37618bd2b85f07>@@AEAV<lambda_a10e4b102d4a2c3aac6f4f48bbdf488f>@@$$QEAV<lambda_5b7707bd6d7a0c4713179f36c7fd995d>@@@Z@4HA 00000001801df410     libucrt:onexit.obj
 0004:0000141c       $pdata$?filt$0@?0???R<lambda_6e4b09c48022b2350581041d5f6b0c4c>@@QEBA@XZ@4HA 00000001801df41c     libucrt:exit.obj
 0004:00001428       $pdata$?fin$0@?0???$?RV<lambda_410d79af7f07d98d83a3f525b3859a53>@@AEAV<lambda_3e16ef9562a7dcce91392c22ab16ea36>@@V<lambda_38119f0e861e05405d8a144b9b982f0a>@@@?$__crt_seh_guarded_call@X@@QEAAX$$QEAV<lambda_410d79af7f07d98d83a3f525b3859a53>@@AEAV<lambda_3e16ef9562a7dcce91392c22ab16ea36>@@$$QEAV<lambda_38119f0e861e05405d8a144b9b982f0a>@@@Z@4HA 00000001801df428     libucrt:wsetlocale.obj
 0004:00001434       $pdata$__acrt_lowio_ensure_fh_exists$fin$0 00000001801df434     libucrt:osfinfo.obj
 0004:00001434       $pdata$__acrt_initialize_lowio$fin$0 00000001801df434     libucrt:ioinit.obj
 0004:00001440       $pdata$?fin$0@?0??update_thread_multibyte_data_internal@@YAPEAU__crt_multibyte_data@@QEAU__acrt_ptd@@QEAPEAU1@@Z@4HA 00000001801df440     libucrt:mbctype.obj
 0004:0000144c       $pdata$_query_new_handler$fin$0 00000001801df44c     libucrt:new_handler.obj
 0004:00001458       $pdata$raise$fin$0         00000001801df458     libucrt:signal.obj
 0004:00001464       $pdata$?fin$0@?0???$?RV<lambda_842d9ff0dc9ef11c61343bbaebe7f885>@@AEAV<lambda_c5860995281e5c4ce005b3de8f5874ee>@@V<lambda_d90129c13df834fdcbf8d2b88dafcf2d>@@@?$__crt_seh_guarded_call@X@@QEAAX$$QEAV<lambda_842d9ff0dc9ef11c61343bbaebe7f885>@@AEAV<lambda_c5860995281e5c4ce005b3de8f5874ee>@@$$QEAV<lambda_d90129c13df834fdcbf8d2b88dafcf2d>@@@Z@4HA 00000001801df464     libucrt:fflush.obj
 0004:00001470       $pdata$?fin$0@?0???$?RV<lambda_886d6c58226a84441f68b9f2b8217b83>@@AEAV<lambda_ab61a845afdef5b7c387490eaf3616ee>@@V<lambda_f7f22ab5edc0698d5f6905b0d3f44752>@@@?$__crt_seh_guarded_call@X@@QEAAX$$QEAV<lambda_886d6c58226a84441f68b9f2b8217b83>@@AEAV<lambda_ab61a845afdef5b7c387490eaf3616ee>@@$$QEAV<lambda_f7f22ab5edc0698d5f6905b0d3f44752>@@@Z@4HA 00000001801df470     libucrt:fflush.obj
 0004:0000147c       $pdata$__acrt_update_thread_locale_data$fin$0 00000001801df47c     libucrt:locale_refcounting.obj
 0004:00001488       $pdata$_fcloseall$fin$0    00000001801df488     libucrt:closeall.obj
 0004:00001494       $pdata$?fin$0@?0???$?RV<lambda_751a882b2c74d4b022dec766aa51a29a>@@AEAV<lambda_628dfdc04ba53c8bfc02c9951375f3f5>@@V<lambda_f6c7be5f7998530c34de24c7437d6b54>@@@?$__crt_seh_guarded_call@H@@QEAAH$$QEAV<lambda_751a882b2c74d4b022dec766aa51a29a>@@AEAV<lambda_628dfdc04ba53c8bfc02c9951375f3f5>@@$$QEAV<lambda_f6c7be5f7998530c34de24c7437d6b54>@@@Z@4HA 00000001801df494     libucrt:close.obj
 0004:00001494       $pdata$?fin$0@?0???$?RV<lambda_a37b2b86f63e897a80ea819b0eb08c01>@@AEAV<lambda_38ce7e780aa69e748d6df282ebc68efe>@@V<lambda_99fb1378e971ab6e7edea83e3a7a83a2>@@@?$__crt_seh_guarded_call@H@@QEAAH$$QEAV<lambda_a37b2b86f63e897a80ea819b0eb08c01>@@AEAV<lambda_38ce7e780aa69e748d6df282ebc68efe>@@$$QEAV<lambda_99fb1378e971ab6e7edea83e3a7a83a2>@@@Z@4HA 00000001801df494     libucrt:commit.obj
 0004:000014a0       $pdata$_write$fin$0        00000001801df4a0     libucrt:write.obj
 0004:000014ac       $pdata$fclose$fin$0        00000001801df4ac     libucrt:fclose.obj
 0004:000014b8       $pdata$_ctrlfp$filt$0      00000001801df4b8     libucrt:fpctrl.obj
 0004:000014c4       $pdata$_IsNonwritableInCurrentImage$filt$0 00000001801df4c4     LIBCMT:pesect.obj
 0004:000014d0       $pdata$??__FgdiPlus@?1??GetInitGDIPlusInstance@CImage@ATL@@CAPEAVCInitGDIPlus@12@XZ@YAXXZ 00000001801df4d0     winapi.obj
 0005:00000060       $R000000                   00000001801e0060     * linker generated manifest res *

 Exports

  ordinal    name

        1    _register_addon_
